Archive member included to satisfy reference by file (symbol)

.build/obj_potato38_vial/serial.a(serial.o)
                              .build/obj_potato38_vial/quantum/split_common/transport.o (symbol from plugin) (soft_serial_initiator_init)
c:/qmk_msys/mingw64/bin/../lib/gcc/avr/12.2.0/avr5\libgcc.a(_exit.o)
                              c:/qmk_msys/mingw64/bin/../lib/gcc/avr/12.2.0/../../../../avr/lib/avr5/crtatmega32u4.o (exit)
c:/qmk_msys/mingw64/bin/../lib/gcc/avr/12.2.0/avr5\libgcc.a(_prologue.o)
                              .build/obj_potato38_vial/serial.a(serial.o) (__prologue_saves__)
c:/qmk_msys/mingw64/bin/../lib/gcc/avr/12.2.0/avr5\libgcc.a(_epilogue.o)
                              .build/obj_potato38_vial/serial.a(serial.o) (__epilogue_restores__)
c:/qmk_msys/mingw64/bin/../lib/gcc/avr/12.2.0/../../../../avr/lib/avr5\libc.a(memcpy_P.o)
                              .build/obj_potato38_vial/quantum/vial.o (symbol from plugin) (memcpy_P)
c:/qmk_msys/mingw64/bin/../lib/gcc/avr/12.2.0/../../../../avr/lib/avr5\libatmega32u4.a(eerd_block.o)
                              .build/obj_potato38_vial/quantum/dynamic_keymap.o (symbol from plugin) (eeprom_read_block)
c:/qmk_msys/mingw64/bin/../lib/gcc/avr/12.2.0/../../../../avr/lib/avr5\libatmega32u4.a(eerd_byte.o)
                              .build/obj_potato38_vial/quantum/eeconfig.o (symbol from plugin) (eeprom_read_byte)
c:/qmk_msys/mingw64/bin/../lib/gcc/avr/12.2.0/../../../../avr/lib/avr5\libatmega32u4.a(eerd_dword.o)
                              .build/obj_potato38_vial/quantum/eeconfig.o (symbol from plugin) (eeprom_read_dword)
c:/qmk_msys/mingw64/bin/../lib/gcc/avr/12.2.0/../../../../avr/lib/avr5\libatmega32u4.a(eerd_word.o)
                              .build/obj_potato38_vial/quantum/eeconfig.o (symbol from plugin) (eeprom_read_word)
c:/qmk_msys/mingw64/bin/../lib/gcc/avr/12.2.0/../../../../avr/lib/avr5\libatmega32u4.a(eeupd_block.o)
                              .build/obj_potato38_vial/quantum/eeconfig.o (symbol from plugin) (eeprom_update_block)
c:/qmk_msys/mingw64/bin/../lib/gcc/avr/12.2.0/../../../../avr/lib/avr5\libatmega32u4.a(eeupd_byte.o)
                              .build/obj_potato38_vial/quantum/eeconfig.o (symbol from plugin) (eeprom_update_byte)
c:/qmk_msys/mingw64/bin/../lib/gcc/avr/12.2.0/../../../../avr/lib/avr5\libatmega32u4.a(eeupd_dword.o)
                              .build/obj_potato38_vial/quantum/eeconfig.o (symbol from plugin) (eeprom_update_dword)
c:/qmk_msys/mingw64/bin/../lib/gcc/avr/12.2.0/../../../../avr/lib/avr5\libatmega32u4.a(eeupd_word.o)
                              .build/obj_potato38_vial/quantum/eeconfig.o (symbol from plugin) (eeprom_update_word)
c:/qmk_msys/mingw64/bin/../lib/gcc/avr/12.2.0/../../../../avr/lib/avr5\libatmega32u4.a(eewr_block.o)
                              .build/obj_potato38_vial/quantum/dynamic_keymap.o (symbol from plugin) (eeprom_write_block)
c:/qmk_msys/mingw64/bin/../lib/gcc/avr/12.2.0/../../../../avr/lib/avr5\libatmega32u4.a(eewr_byte.o)
                              c:/qmk_msys/mingw64/bin/../lib/gcc/avr/12.2.0/../../../../avr/lib/avr5\libatmega32u4.a(eewr_block.o) (eeprom_write_r18)
c:/qmk_msys/mingw64/bin/../lib/gcc/avr/12.2.0/avr5\libgcc.a(_tablejump2.o)
                              C:\QMK_MSYS\tmp\ccFcGjee.ltrans0.ltrans.o (__tablejump2__)
c:/qmk_msys/mingw64/bin/../lib/gcc/avr/12.2.0/avr5\libgcc.a(_copy_data.o)
                              C:\QMK_MSYS\tmp\ccFcGjee.ltrans0.ltrans.o (__do_copy_data)
c:/qmk_msys/mingw64/bin/../lib/gcc/avr/12.2.0/avr5\libgcc.a(_clear_bss.o)
                              C:\QMK_MSYS\tmp\ccFcGjee.ltrans0.ltrans.o (__do_clear_bss)
c:/qmk_msys/mingw64/bin/../lib/gcc/avr/12.2.0/avr5\libgcc.a(_bswapsi2.o)
                              C:\QMK_MSYS\tmp\ccFcGjee.ltrans0.ltrans.o (__bswapsi2)
c:/qmk_msys/mingw64/bin/../lib/gcc/avr/12.2.0/../../../../avr/lib/avr5\libc.a(memcmp.o)
                              C:\QMK_MSYS\tmp\ccFcGjee.ltrans0.ltrans.o (memcmp)
c:/qmk_msys/mingw64/bin/../lib/gcc/avr/12.2.0/../../../../avr/lib/avr5\libc.a(memcpy.o)
                              C:\QMK_MSYS\tmp\ccFcGjee.ltrans0.ltrans.o (memcpy)
c:/qmk_msys/mingw64/bin/../lib/gcc/avr/12.2.0/../../../../avr/lib/avr5\libc.a(memset.o)
                              C:\QMK_MSYS\tmp\ccFcGjee.ltrans0.ltrans.o (memset)

Allocating common symbols
Common symbol       size              file

USB_IsInitialized   0x1               .build/obj_potato38_vial/lib/lufa/LUFA/Drivers/USB/Core/USBTask.o (symbol from plugin)
keymap_config       0x2               .build/obj_potato38_vial/quantum/bootmagic/magic.o (symbol from plugin)
thatHand            0x1               .build/obj_potato38_vial/quantum/matrix_common.o (symbol from plugin)
key_combos_keys     0x50              .build/obj_potato38_vial/quantum/vial.o (symbol from plugin)
[...]
Memory Configuration

Name             Origin             Length             Attributes
text             0x00000000         0x00020000         xr
data             0x00800060         0x0000ffa0         rw!x
eeprom           0x00810000         0x00010000         rw!x
fuse             0x00820000         0x00000003         rw!x
lock             0x00830000         0x00000400         rw!x
signature        0x00840000         0x00000400         rw!x
user_signatures  0x00850000         0x00000400         rw!x
*default*        0x00000000         0xffffffff

Linker script and memory map

Address of section .data set to 0x800100
LOAD c:/qmk_msys/mingw64/bin/../lib/gcc/avr/12.2.0/../../../../avr/lib/avr5/crtatmega32u4.o
LOAD .build/obj_potato38_vial/.build/obj_potato38_vial/src/default_keyboard.o
LOAD C:\QMK_MSYS\tmp\ccFcGjee.ltrans0.ltrans.o
LOAD C:\QMK_MSYS\tmp\ccRvGnAA.debug.temp.o
LOAD C:\QMK_MSYS\tmp\ccIhIi7S.debug.temp.o
LOAD C:\QMK_MSYS\tmp\ccv7GQJb.debug.temp.o
LOAD C:\QMK_MSYS\tmp\ccavPLqt.debug.temp.o
LOAD C:\QMK_MSYS\tmp\cc9MBzfL.debug.temp.o
LOAD C:\QMK_MSYS\tmp\ccusa322.debug.temp.o
LOAD C:\QMK_MSYS\tmp\ccTdN3Yk.debug.temp.o
LOAD C:\QMK_MSYS\tmp\cccqZw8C.debug.temp.o
LOAD C:\QMK_MSYS\tmp\cch5H3bV.debug.temp.o
LOAD C:\QMK_MSYS\tmp\ccA7wXdc.debug.temp.o
LOAD C:\QMK_MSYS\tmp\cc72C5st.debug.temp.o
LOAD C:\QMK_MSYS\tmp\ccos4OCK.debug.temp.o
LOAD C:\QMK_MSYS\tmp\ccV7xx21.debug.temp.o
LOAD C:\QMK_MSYS\tmp\ccozxpvj.debug.temp.o
LOAD C:\QMK_MSYS\tmp\cchCb8Vz.debug.temp.o
LOAD C:\QMK_MSYS\tmp\ccWJNEuQ.debug.temp.o
LOAD C:\QMK_MSYS\tmp\cc3xiik7.debug.temp.o
LOAD C:\QMK_MSYS\tmp\ccIvd1go.debug.temp.o
LOAD C:\QMK_MSYS\tmp\ccpu6c9E.debug.temp.o
LOAD C:\QMK_MSYS\tmp\cckwFnLZ.debug.temp.o
LOAD C:\QMK_MSYS\tmp\ccT0Wejk.debug.temp.o
LOAD C:\QMK_MSYS\tmp\ccKuhyRE.debug.temp.o
LOAD C:\QMK_MSYS\tmp\ccnje8DZ.debug.temp.o
LOAD C:\QMK_MSYS\tmp\ccUszimk.debug.temp.o
LOAD C:\QMK_MSYS\tmp\cchzBSiF.debug.temp.o
LOAD C:\QMK_MSYS\tmp\ccsP9Ka0.debug.temp.o
LOAD C:\QMK_MSYS\tmp\cctYivgl.debug.temp.o
LOAD C:\QMK_MSYS\tmp\ccKVLkhG.debug.temp.o
LOAD C:\QMK_MSYS\tmp\ccZlSCk0.debug.temp.o
LOAD C:\QMK_MSYS\tmp\cccdVvjk.debug.temp.o
LOAD C:\QMK_MSYS\tmp\ccjXXrvE.debug.temp.o
LOAD C:\QMK_MSYS\tmp\ccEw90CY.debug.temp.o
LOAD C:\QMK_MSYS\tmp\ccxZSZXi.debug.temp.o
LOAD C:\QMK_MSYS\tmp\cccBGkrD.debug.temp.o
LOAD C:\QMK_MSYS\tmp\ccTBMaPX.debug.temp.o
LOAD C:\QMK_MSYS\tmp\cceBLqfh.debug.temp.o
LOAD C:\QMK_MSYS\tmp\cc5yb9CA.debug.temp.o
LOAD C:\QMK_MSYS\tmp\ccwfP57T.debug.temp.o
LOAD C:\QMK_MSYS\tmp\cc5HHgMd.debug.temp.o
LOAD C:\QMK_MSYS\tmp\ccyjYGFx.debug.temp.o
LOAD C:\QMK_MSYS\tmp\ccnEGSyQ.debug.temp.o
LOAD C:\QMK_MSYS\tmp\ccU73eB9.debug.temp.o
LOAD C:\QMK_MSYS\tmp\cctYsCKs.debug.temp.o
LOAD C:\QMK_MSYS\tmp\ccqVqVPL.debug.temp.o
LOAD C:\QMK_MSYS\tmp\ccxDOU34.debug.temp.o
LOAD C:\QMK_MSYS\tmp\ccSeHlio.debug.temp.o
LOAD C:\QMK_MSYS\tmp\ccxq9xbL.debug.temp.o
LOAD C:\QMK_MSYS\tmp\ccMWKch8.debug.temp.o
LOAD C:\QMK_MSYS\tmp\ccZjGLhv.debug.temp.o
LOAD C:\QMK_MSYS\tmp\ccAPfAvS.debug.temp.o
LOAD C:\QMK_MSYS\tmp\ccjXiJIf.debug.temp.o
LOAD C:\QMK_MSYS\tmp\ccSnk38C.debug.temp.o
LOAD C:\QMK_MSYS\tmp\ccjAWOu0.debug.temp.o
LOAD C:\QMK_MSYS\tmp\cc0giMTm.debug.temp.o
LOAD C:\QMK_MSYS\tmp\ccnX6heJ.debug.temp.o
LOAD C:\QMK_MSYS\tmp\ccE4ugM5.debug.temp.o
LOAD C:\QMK_MSYS\tmp\ccDcAwfs.debug.temp.o
LOAD C:\QMK_MSYS\tmp\cc48tJWO.debug.temp.o
LOAD C:\QMK_MSYS\tmp\cctYK7yb.debug.temp.o
LOAD C:\QMK_MSYS\tmp\ccSptgpy.debug.temp.o
LOAD C:\QMK_MSYS\tmp\ccXg2gaV.debug.temp.o
LOAD C:\QMK_MSYS\tmp\ccgvXUXg.debug.temp.o
LOAD C:\QMK_MSYS\tmp\cc1l9ATC.debug.temp.o
LOAD C:\QMK_MSYS\tmp\ccSfLcKY.debug.temp.o
LOAD C:\QMK_MSYS\tmp\ccrklwOk.debug.temp.o
LOAD C:\QMK_MSYS\tmp\ccQBI8NG.debug.temp.o
LOAD C:\QMK_MSYS\tmp\ccZuFv02.debug.temp.o
LOAD C:\QMK_MSYS\tmp\cc4Bimbp.debug.temp.o
LOAD C:\QMK_MSYS\tmp\cc5qdCiK.debug.temp.o
LOAD C:\QMK_MSYS\tmp\cc8okuD5.debug.temp.o
LOAD .build/obj_potato38_vial/quantum/keymap_introspection.o
LOAD .build/obj_potato38_vial/quantum/quantum.o
LOAD .build/obj_potato38_vial/quantum/bitwise.o
LOAD .build/obj_potato38_vial/quantum/led.o
LOAD .build/obj_potato38_vial/quantum/action.o
LOAD .build/obj_potato38_vial/quantum/action_layer.o
LOAD .build/obj_potato38_vial/quantum/action_tapping.o
LOAD .build/obj_potato38_vial/quantum/action_util.o
LOAD .build/obj_potato38_vial/quantum/eeconfig.o
LOAD .build/obj_potato38_vial/quantum/keyboard.o
LOAD .build/obj_potato38_vial/quantum/keymap_common.o
LOAD .build/obj_potato38_vial/quantum/keycode_config.o
LOAD .build/obj_potato38_vial/quantum/sync_timer.o
LOAD .build/obj_potato38_vial/quantum/logging/debug.o
LOAD .build/obj_potato38_vial/quantum/logging/sendchar.o
LOAD .build/obj_potato38_vial/quantum/bootmagic/bootmagic_lite.o
LOAD .build/obj_potato38_vial/quantum/bootmagic/magic.o
LOAD .build/obj_potato38_vial/quantum/matrix_common.o
LOAD .build/obj_potato38_vial/quantum/matrix.o
LOAD .build/obj_potato38_vial/quantum/debounce/sym_defer_g.o
LOAD .build/obj_potato38_vial/quantum/split_common/split_util.o
LOAD .build/obj_potato38_vial/quantum/split_common/transport.o
LOAD .build/obj_potato38_vial/quantum/split_common/transactions.o
LOAD .build/obj_potato38_vial/quantum/main.o
LOAD .build/obj_potato38_vial/platforms/avr/xprintf.o
LOAD .build/obj_potato38_vial/platforms/avr/printf.o
LOAD .build/obj_potato38_vial/quantum/vial.o
LOAD .build/obj_potato38_vial/quantum/qmk_settings.o
LOAD .build/obj_potato38_vial/quantum/process_keycode/process_auto_shift.o
LOAD .build/obj_potato38_vial/quantum/process_keycode/process_combo.o
LOAD .build/obj_potato38_vial/quantum/crc.o
LOAD .build/obj_potato38_vial/quantum/dynamic_keymap.o
LOAD .build/obj_potato38_vial/quantum/process_keycode/process_grave_esc.o
LOAD .build/obj_potato38_vial/quantum/process_keycode/process_key_override.o
LOAD .build/obj_potato38_vial/quantum/process_keycode/process_magic.o
LOAD .build/obj_potato38_vial/quantum/send_string/send_string.o
LOAD .build/obj_potato38_vial/quantum/process_keycode/process_space_cadet.o
LOAD .build/obj_potato38_vial/quantum/process_keycode/process_tap_dance.o
LOAD .build/obj_potato38_vial/quantum/process_keycode/process_tri_layer.o
LOAD .build/obj_potato38_vial/quantum/tri_layer.o
LOAD .build/obj_potato38_vial/quantum/via.o
LOAD .build/obj_potato38_vial/protocol/host.o
LOAD .build/obj_potato38_vial/protocol/report.o
LOAD .build/obj_potato38_vial/protocol/usb_device_state.o
LOAD .build/obj_potato38_vial/protocol/usb_util.o
LOAD .build/obj_potato38_vial/platforms/suspend.o
LOAD .build/obj_potato38_vial/platforms/synchronization_util.o
LOAD .build/obj_potato38_vial/platforms/timer.o
LOAD .build/obj_potato38_vial/platforms/avr/hardware_id.o
LOAD .build/obj_potato38_vial/platforms/avr/platform.o
LOAD .build/obj_potato38_vial/platforms/avr/suspend.o
LOAD .build/obj_potato38_vial/platforms/avr/timer.o
LOAD .build/obj_potato38_vial/platforms/avr/bootloaders/dfu.o
LOAD .build/obj_potato38_vial/i2c_master.a
LOAD .build/obj_potato38_vial/i2c_slave.a
LOAD .build/obj_potato38_vial/serial.a
LOAD .build/obj_potato38_vial/lufa.o
LOAD .build/obj_potato38_vial/usb_descriptor.o
LOAD .build/obj_potato38_vial/lib/lufa/LUFA/Drivers/USB/Class/Common/HIDParser.o
LOAD .build/obj_potato38_vial/lib/lufa/LUFA/Drivers/USB/Core/AVR8/Device_AVR8.o
LOAD .build/obj_potato38_vial/lib/lufa/LUFA/Drivers/USB/Core/AVR8/EndpointStream_AVR8.o
LOAD .build/obj_potato38_vial/lib/lufa/LUFA/Drivers/USB/Core/AVR8/Endpoint_AVR8.o
LOAD .build/obj_potato38_vial/lib/lufa/LUFA/Drivers/USB/Core/AVR8/Host_AVR8.o
LOAD .build/obj_potato38_vial/lib/lufa/LUFA/Drivers/USB/Core/AVR8/PipeStream_AVR8.o
LOAD .build/obj_potato38_vial/lib/lufa/LUFA/Drivers/USB/Core/AVR8/Pipe_AVR8.o
LOAD .build/obj_potato38_vial/lib/lufa/LUFA/Drivers/USB/Core/AVR8/USBController_AVR8.o
LOAD .build/obj_potato38_vial/lib/lufa/LUFA/Drivers/USB/Core/AVR8/USBInterrupt_AVR8.o
LOAD .build/obj_potato38_vial/lib/lufa/LUFA/Drivers/USB/Core/ConfigDescriptors.o
LOAD .build/obj_potato38_vial/lib/lufa/LUFA/Drivers/USB/Core/DeviceStandardReq.o
LOAD .build/obj_potato38_vial/lib/lufa/LUFA/Drivers/USB/Core/Events.o
LOAD .build/obj_potato38_vial/lib/lufa/LUFA/Drivers/USB/Core/HostStandardReq.o
LOAD .build/obj_potato38_vial/lib/lufa/LUFA/Drivers/USB/Core/USBTask.o
LOAD .build/obj_potato38_vial/protocol/lufa/usb_util.o
LOAD c:/qmk_msys/mingw64/bin/../lib/gcc/avr/12.2.0/../../../../avr/lib/avr5\libm.a
START GROUP
LOAD c:/qmk_msys/mingw64/bin/../lib/gcc/avr/12.2.0/avr5\libgcc.a
LOAD c:/qmk_msys/mingw64/bin/../lib/gcc/avr/12.2.0/../../../../avr/lib/avr5\libm.a
LOAD c:/qmk_msys/mingw64/bin/../lib/gcc/avr/12.2.0/../../../../avr/lib/avr5\libc.a
LOAD c:/qmk_msys/mingw64/bin/../lib/gcc/avr/12.2.0/../../../../avr/lib/avr5\libatmega32u4.a
END GROUP
                0x00020000                        __TEXT_REGION_LENGTH__ = DEFINED (__TEXT_REGION_LENGTH__)?__TEXT_REGION_LENGTH__:0x20000
                0x00800060                        __DATA_REGION_ORIGIN__ = DEFINED (__DATA_REGION_ORIGIN__)?__DATA_REGION_ORIGIN__:0x800060
                0x0000ffa0                        __DATA_REGION_LENGTH__ = DEFINED (__DATA_REGION_LENGTH__)?__DATA_REGION_LENGTH__:0xffa0
                0x00010000                        __EEPROM_REGION_LENGTH__ = DEFINED (__EEPROM_REGION_LENGTH__)?__EEPROM_REGION_LENGTH__:0x10000
                [0x00000003]                      __FUSE_REGION_LENGTH__ = DEFINED (__FUSE_REGION_LENGTH__)?__FUSE_REGION_LENGTH__:0x400
                0x00000400                        __LOCK_REGION_LENGTH__ = DEFINED (__LOCK_REGION_LENGTH__)?__LOCK_REGION_LENGTH__:0x400
                0x00000400                        __SIGNATURE_REGION_LENGTH__ = DEFINED (__SIGNATURE_REGION_LENGTH__)?__SIGNATURE_REGION_LENGTH__:0x400
                0x00000400                        __USER_SIGNATURE_REGION_LENGTH__ = DEFINED (__USER_SIGNATURE_REGION_LENGTH__)?__USER_SIGNATURE_REGION_LENGTH__:0x400

.hash
 *(.hash)

.dynsym
 *(.dynsym)

.dynstr
 *(.dynstr)

.gnu.version
 *(.gnu.version)

.gnu.version_d
 *(.gnu.version_d)

.gnu.version_r
 *(.gnu.version_r)

.rel.init
 *(.rel.init)

.rela.init
 *(.rela.init)

.rel.text
 *(.rel.text)
 *(.rel.text.*)
 *(.rel.gnu.linkonce.t*)

.rela.text
 *(.rela.text)
 *(.rela.text.*)
 *(.rela.gnu.linkonce.t*)

.rel.fini
 *(.rel.fini)

.rela.fini
 *(.rela.fini)

.rel.rodata
 *(.rel.rodata)
 *(.rel.rodata.*)
 *(.rel.gnu.linkonce.r*)

.rela.rodata
 *(.rela.rodata)
 *(.rela.rodata.*)
 *(.rela.gnu.linkonce.r*)

.rel.data
 *(.rel.data)
 *(.rel.data.*)
 *(.rel.gnu.linkonce.d*)

.rela.data
 *(.rela.data)
 *(.rela.data.*)
 *(.rela.gnu.linkonce.d*)

.rel.ctors
 *(.rel.ctors)

.rela.ctors
 *(.rela.ctors)

.rel.dtors
 *(.rel.dtors)

.rela.dtors
 *(.rela.dtors)

.rel.got
 *(.rel.got)

.rela.got
 *(.rela.got)

.rel.bss
 *(.rel.bss)

.rela.bss
 *(.rela.bss)

.rel.plt
 *(.rel.plt)

.rela.plt
 *(.rela.plt)

.text           0x00000000     0x6d24
 *(.vectors)
 .vectors       0x00000000       0xac c:/qmk_msys/mingw64/bin/../lib/gcc/avr/12.2.0/../../../../avr/lib/avr5/crtatmega32u4.o
                0x00000000                __vector_default
                0x00000000                __vectors
 *(.vectors)
 *(.progmem.gcc*)
                0x000000ac                        . = ALIGN (0x2)
                0x000000ac                        __trampolines_start = .
 *(.trampolines)
 .trampolines   0x000000ac        0x0 linker stubs
 *(.trampolines*)
                0x000000ac                        __trampolines_end = .
 *libprintf_flt.a:*(.progmem.data)
 *libc.a:*(.progmem.data)
 *(.progmem.*)
 .progmem.data.SharedReport
                0x000000ac       0x6d C:\QMK_MSYS\tmp\ccFcGjee.ltrans0.ltrans.o
 .progmem.data.RawReport
                0x00000119       0x22 C:\QMK_MSYS\tmp\ccFcGjee.ltrans0.ltrans.o
 .progmem.data.KeyboardReport
                0x0000013b       0x44 C:\QMK_MSYS\tmp\ccFcGjee.ltrans0.ltrans.o
 .progmem.data.ascii_to_dead_lut
                0x0000017f       0x10 C:\QMK_MSYS\tmp\ccFcGjee.ltrans0.ltrans.o
 .progmem.data.ascii_to_altgr_lut
                0x0000018f       0x10 C:\QMK_MSYS\tmp\ccFcGjee.ltrans0.ltrans.o
 .progmem.data.ascii_to_shift_lut
                0x0000019f       0x10 C:\QMK_MSYS\tmp\ccFcGjee.ltrans0.ltrans.o
 .progmem.data.ascii_to_keycode_lut
                0x000001af       0x80 C:\QMK_MSYS\tmp\ccFcGjee.ltrans0.ltrans.o
 .progmem.data.ConfigurationDescriptor
                0x0000022f       0x5b C:\QMK_MSYS\tmp\ccFcGjee.ltrans0.ltrans.o
 .progmem.data.DeviceDescriptor
                0x0000028a       0x12 C:\QMK_MSYS\tmp\ccFcGjee.ltrans0.ltrans.o
 .progmem.data.SerialNumberString
                0x0000029c       0x1e C:\QMK_MSYS\tmp\ccFcGjee.ltrans0.ltrans.o
 .progmem.data.ProductString
                0x000002ba       0x14 C:\QMK_MSYS\tmp\ccFcGjee.ltrans0.ltrans.o
 .progmem.data.ManufacturerString
                0x000002ce        0xe C:\QMK_MSYS\tmp\ccFcGjee.ltrans0.ltrans.o
 .progmem.data.LanguageString
                0x000002dc        0x4 C:\QMK_MSYS\tmp\ccFcGjee.ltrans0.ltrans.o
 .progmem.data.keymaps
                0x000002e0      0x180 C:\QMK_MSYS\tmp\ccFcGjee.ltrans0.ltrans.o
 .progmem.data.protos
                0x00000460       0x90 C:\QMK_MSYS\tmp\ccFcGjee.ltrans0.ltrans.o
 .progmem.data.keyboard_definition
                0x000004f0      0x120 C:\QMK_MSYS\tmp\ccFcGjee.ltrans0.ltrans.o
                0x00000610                        . = ALIGN (0x2)
 *(.lowtext)
 *(.lowtext*)
                0x00000610                        __ctors_start = .
 *(.ctors)
                0x00000610                        __ctors_end = .
                0x00000610                        __dtors_start = .
 *(.dtors)
                0x00000610                        __dtors_end = .
 SORT_BY_NAME(*)(.ctors)
 SORT_BY_NAME(*)(.dtors)
 *(.init0)
 .init0         0x00000610        0x0 c:/qmk_msys/mingw64/bin/../lib/gcc/avr/12.2.0/../../../../avr/lib/avr5/crtatmega32u4.o
                0x00000610                __init
 *(.init0)
 *(.init1)
 *(.init1)
 *(.init2)
 .init2         0x00000610        0xc c:/qmk_msys/mingw64/bin/../lib/gcc/avr/12.2.0/../../../../avr/lib/avr5/crtatmega32u4.o
 *(.init2)
 *(.init3)
 .init3         0x0000061c       0x36 C:\QMK_MSYS\tmp\ccFcGjee.ltrans0.ltrans.o
                0x0000061c                bootloader_jump_after_watchdog_reset
 *(.init3)
 *(.init4)
 .init4         0x00000652       0x16 c:/qmk_msys/mingw64/bin/../lib/gcc/avr/12.2.0/avr5\libgcc.a(_copy_data.o)
                0x00000652                __do_copy_data
 .init4         0x00000668       0x10 c:/qmk_msys/mingw64/bin/../lib/gcc/avr/12.2.0/avr5\libgcc.a(_clear_bss.o)
                0x00000668                __do_clear_bss
 *(.init4)
 *(.init5)
 *(.init5)
 *(.init6)
 *(.init6)
 *(.init7)
 *(.init7)
 *(.init8)
 *(.init8)
 *(.init9)
 .init9         0x00000678        0x8 c:/qmk_msys/mingw64/bin/../lib/gcc/avr/12.2.0/../../../../avr/lib/avr5/crtatmega32u4.o
 *(.init9)
 *(.text)
 .text          0x00000680        0x4 c:/qmk_msys/mingw64/bin/../lib/gcc/avr/12.2.0/../../../../avr/lib/avr5/crtatmega32u4.o
                0x00000680                __vector_38
                0x00000680                __vector_22
                0x00000680                __vector_28
                0x00000680                __vector_1
                0x00000680                __vector_32
                0x00000680                __vector_34
                0x00000680                __vector_24
                0x00000680                __bad_interrupt
                0x00000680                __vector_6
                0x00000680                __vector_31
                0x00000680                __vector_35
                0x00000680                __vector_39
                0x00000680                __vector_23
                0x00000680                __vector_30
                0x00000680                __vector_25
                0x00000680                __vector_13
                0x00000680                __vector_17
                0x00000680                __vector_19
                0x00000680                __vector_7
                0x00000680                __vector_41
                0x00000680                __vector_27
                0x00000680                __vector_5
                0x00000680                __vector_33
                0x00000680                __vector_37
                0x00000680                __vector_4
                0x00000680                __vector_9
                0x00000680                __vector_2
                0x00000680                __vector_15
                0x00000680                __vector_36
                0x00000680                __vector_29
                0x00000680                __vector_40
                0x00000680                __vector_8
                0x00000680                __vector_26
                0x00000680                __vector_14
                0x00000680                __vector_16
                0x00000680                __vector_18
                0x00000680                __vector_20
                0x00000680                __vector_42
                0x00000684                        . = ALIGN (0x2)
 *(.text.*)
 .text.extract_mod_bits
                0x00000684       0x54 C:\QMK_MSYS\tmp\ccFcGjee.ltrans0.ltrans.o
 .text.do_code16
                0x000006d8       0x14 C:\QMK_MSYS\tmp\ccFcGjee.ltrans0.ltrans.o
 .text.is_tap_action
                0x000006ec       0x3a C:\QMK_MSYS\tmp\ccFcGjee.ltrans0.ltrans.o
 .text.default_layer_state_set
                0x00000726        0x6 C:\QMK_MSYS\tmp\ccFcGjee.ltrans0.ltrans.o
 .text.layer_state_set
                0x0000072c        0x6 C:\QMK_MSYS\tmp\ccFcGjee.ltrans0.ltrans.o
 .text.layer_on
                0x00000732       0x18 C:\QMK_MSYS\tmp\ccFcGjee.ltrans0.ltrans.o
 .text.layer_off
                0x0000074a       0x20 C:\QMK_MSYS\tmp\ccFcGjee.ltrans0.ltrans.o
 .text.update_source_layers_cache
                0x0000076a       0x6e C:\QMK_MSYS\tmp\ccFcGjee.ltrans0.ltrans.o
 .text.read_source_layers_cache
                0x000007d8       0x68 C:\QMK_MSYS\tmp\ccFcGjee.ltrans0.ltrans.o
 .text.update_tri_layer
                0x00000840       0x42 C:\QMK_MSYS\tmp\ccFcGjee.ltrans0.ltrans.o
 .text.debug_waiting_buffer
                0x00000882       0x14 C:\QMK_MSYS\tmp\ccFcGjee.ltrans0.ltrans.o
 .text.clear_oneshot_layer_state
                0x00000896       0x38 C:\QMK_MSYS\tmp\ccFcGjee.ltrans0.ltrans.o
 .text.add_mods
                0x000008ce        0xc C:\QMK_MSYS\tmp\ccFcGjee.ltrans0.ltrans.o
 .text.del_mods
                0x000008da       0x10 C:\QMK_MSYS\tmp\ccFcGjee.ltrans0.ltrans.o
 .text.clear_oneshot_mods
                0x000008ea       0x16 C:\QMK_MSYS\tmp\ccFcGjee.ltrans0.ltrans.o
 .text.keycode_config
                0x00000900      0x148 C:\QMK_MSYS\tmp\ccFcGjee.ltrans0.ltrans.o
 .text.mod_config
                0x00000a48       0x9e C:\QMK_MSYS\tmp\ccFcGjee.ltrans0.ltrans.o
 .text.action_for_keycode
                0x00000ae6      0x232 C:\QMK_MSYS\tmp\ccFcGjee.ltrans0.ltrans.o
 .text.sendchar
                0x00000d18        0x4 C:\QMK_MSYS\tmp\ccFcGjee.ltrans0.ltrans.o
 .text.setPinInputHigh_atomic
                0x00000d1c       0x32 C:\QMK_MSYS\tmp\ccFcGjee.ltrans0.ltrans.o
 .text.vial_keycode_firewall
                0x00000d4e       0x1a C:\QMK_MSYS\tmp\ccFcGjee.ltrans0.ltrans.o
 .text.reload_tap_dance
                0x00000d68       0x30 C:\QMK_MSYS\tmp\ccFcGjee.ltrans0.ltrans.o
 .text.auto_shift_timeout_apply
                0x00000d98       0x12 C:\QMK_MSYS\tmp\ccFcGjee.ltrans0.ltrans.o
 .text.magic_settings_get
                0x00000daa       0xee C:\QMK_MSYS\tmp\ccFcGjee.ltrans0.ltrans.o
 .text.set_autoshift_shift_state
                0x00000e98       0x4c C:\QMK_MSYS\tmp\ccFcGjee.ltrans0.ltrans.o
 .text.clear_combos
                0x00000ee4       0x22 C:\QMK_MSYS\tmp\ccFcGjee.ltrans0.ltrans.o
 .text.drop_combo_from_buffer
                0x00000f06       0x58 C:\QMK_MSYS\tmp\ccFcGjee.ltrans0.ltrans.o
 .text.key_override_matches_active_modifiers
                0x00000f5e       0x42 C:\QMK_MSYS\tmp\ccFcGjee.ltrans0.ltrans.o
 .text._process_tap_dance_action_fn
                0x00000fa0        0xa C:\QMK_MSYS\tmp\ccFcGjee.ltrans0.ltrans.o
 .text.host_keyboard_leds
                0x00000faa       0x22 C:\QMK_MSYS\tmp\ccFcGjee.ltrans0.ltrans.o
 .text.host_system_send
                0x00000fcc       0x4c C:\QMK_MSYS\tmp\ccFcGjee.ltrans0.ltrans.o
 .text.host_consumer_send
                0x00001018       0x4c C:\QMK_MSYS\tmp\ccFcGjee.ltrans0.ltrans.o
 .text.add_key_to_report
                0x00001064       0x68 C:\QMK_MSYS\tmp\ccFcGjee.ltrans0.ltrans.o
 .text.del_key_from_report
                0x000010cc       0x5a C:\QMK_MSYS\tmp\ccFcGjee.ltrans0.ltrans.o
 .text.timer_read
                0x00001126       0x18 C:\QMK_MSYS\tmp\ccFcGjee.ltrans0.ltrans.o
 .text.has_oneshot_mods_timed_out
                0x0000113e       0x36 C:\QMK_MSYS\tmp\ccFcGjee.ltrans0.ltrans.o
 .text.get_mods_for_report
                0x00001174       0x7c C:\QMK_MSYS\tmp\ccFcGjee.ltrans0.ltrans.o
 .text.set_oneshot_layer
                0x000011f0       0x2e C:\QMK_MSYS\tmp\ccFcGjee.ltrans0.ltrans.o
 .text.del_oneshot_mods
                0x0000121e       0x2c C:\QMK_MSYS\tmp\ccFcGjee.ltrans0.ltrans.o
 .text.set_oneshot_mods
                0x0000124a       0x28 C:\QMK_MSYS\tmp\ccFcGjee.ltrans0.ltrans.o
 .text.timer_read32
                0x00001272       0x3a C:\QMK_MSYS\tmp\ccFcGjee.ltrans0.ltrans.o
 .text.sync_timer_read32
                0x000012ac       0x66 C:\QMK_MSYS\tmp\ccFcGjee.ltrans0.ltrans.o
 .text.timer_elapsed
                0x00001312       0x1e C:\QMK_MSYS\tmp\ccFcGjee.ltrans0.ltrans.o
 .text.timer_elapsed32
                0x00001330       0x40 C:\QMK_MSYS\tmp\ccFcGjee.ltrans0.ltrans.o
 .text.schedule_deferred_register
                0x00001370       0x86 C:\QMK_MSYS\tmp\ccFcGjee.ltrans0.ltrans.o
 .text.mcu_reset
                0x000013f6       0x16 C:\QMK_MSYS\tmp\ccFcGjee.ltrans0.ltrans.o
 .text.keyboard_leds
                0x0000140c        0x6 C:\QMK_MSYS\tmp\ccFcGjee.ltrans0.ltrans.o
 .text.send_mouse
                0x00001412        0x2 C:\QMK_MSYS\tmp\ccFcGjee.ltrans0.ltrans.o
 .text.Endpoint_Write_Control_Stream_LE
                0x00001414       0xb2 C:\QMK_MSYS\tmp\ccFcGjee.ltrans0.ltrans.o
 .text.Endpoint_ClearStatusStage
                0x000014c6       0x3e C:\QMK_MSYS\tmp\ccFcGjee.ltrans0.ltrans.o
 .text.Endpoint_WaitUntilReady
                0x00001504       0x62 C:\QMK_MSYS\tmp\ccFcGjee.ltrans0.ltrans.o
 .text.USB_Disable
                0x00001566       0x3e C:\QMK_MSYS\tmp\ccFcGjee.ltrans0.ltrans.o
 .text.crc8.constprop.0
                0x000015a4       0x32 C:\QMK_MSYS\tmp\ccFcGjee.ltrans0.ltrans.o
 .text.Endpoint_ConfigureEndpoint_Prv.isra.0
                0x000015d6       0x6e C:\QMK_MSYS\tmp\ccFcGjee.ltrans0.ltrans.o
 .text.USB_Init
                0x00001644       0xb6 C:\QMK_MSYS\tmp\ccFcGjee.ltrans0.ltrans.o
 .text.qs_wait_ms.lto_priv.0
                0x000016fa       0x1c C:\QMK_MSYS\tmp\ccFcGjee.ltrans0.ltrans.o
 .text.bootloader_jump
                0x00001716       0x48 C:\QMK_MSYS\tmp\ccFcGjee.ltrans0.ltrans.o
 .text.send_report
                0x0000175e       0x7c C:\QMK_MSYS\tmp\ccFcGjee.ltrans0.ltrans.o
 .text.send_keyboard
                0x000017da       0x2e C:\QMK_MSYS\tmp\ccFcGjee.ltrans0.ltrans.o
 .text.send_nkro
                0x00001808        0xe C:\QMK_MSYS\tmp\ccFcGjee.ltrans0.ltrans.o
 .text.send_extra
                0x00001816        0xe C:\QMK_MSYS\tmp\ccFcGjee.ltrans0.ltrans.o
 .text.transaction_handler_master.constprop.0
                0x00001824       0x74 C:\QMK_MSYS\tmp\ccFcGjee.ltrans0.ltrans.o
 .text.oneshot_set
                0x00001898       0x2e C:\QMK_MSYS\tmp\ccFcGjee.ltrans0.ltrans.o
 .text.dynamic_keymap_set_keycode
                0x000018c6       0x4e C:\QMK_MSYS\tmp\ccFcGjee.ltrans0.ltrans.o
 .text.dynamic_keymap_macro_reset
                0x00001914       0x20 C:\QMK_MSYS\tmp\ccFcGjee.ltrans0.ltrans.o
 .text.via_eeprom_set_valid
                0x00001934       0x3c C:\QMK_MSYS\tmp\ccFcGjee.ltrans0.ltrans.o
 .text.eeprom_settings_save
                0x00001970       0x3a C:\QMK_MSYS\tmp\ccFcGjee.ltrans0.ltrans.o
 .text.qmk_settings_init
                0x000019aa       0x4c C:\QMK_MSYS\tmp\ccFcGjee.ltrans0.ltrans.o
 .text.dynamic_keymap_get_keycode
                0x000019f6       0x5e C:\QMK_MSYS\tmp\ccFcGjee.ltrans0.ltrans.o
 .text.keymap_key_to_keycode
                0x00001a54       0x3a C:\QMK_MSYS\tmp\ccFcGjee.ltrans0.ltrans.o
 .text.layer_switch_get_layer
                0x00001a8e       0x56 C:\QMK_MSYS\tmp\ccFcGjee.ltrans0.ltrans.o
 .text.layer_switch_get_action
                0x00001ae4       0x1e C:\QMK_MSYS\tmp\ccFcGjee.ltrans0.ltrans.o
 .text.is_tap_record
                0x00001b02       0x28 C:\QMK_MSYS\tmp\ccFcGjee.ltrans0.ltrans.o
 .text.get_event_keycode.isra.0
                0x00001b2a       0x3c C:\QMK_MSYS\tmp\ccFcGjee.ltrans0.ltrans.o
 .text.get_record_keycode
                0x00001b66       0x18 C:\QMK_MSYS\tmp\ccFcGjee.ltrans0.ltrans.o
 .text.via_eeprom_is_valid
                0x00001b7e       0x32 C:\QMK_MSYS\tmp\ccFcGjee.ltrans0.ltrans.o
 .text.send_keyboard_report
                0x00001bb0       0xa4 C:\QMK_MSYS\tmp\ccFcGjee.ltrans0.ltrans.o
 .text.register_mods
                0x00001c54        0xe C:\QMK_MSYS\tmp\ccFcGjee.ltrans0.ltrans.o
 .text.register_weak_mods
                0x00001c62       0x14 C:\QMK_MSYS\tmp\ccFcGjee.ltrans0.ltrans.o
 .text.unregister_mods
                0x00001c76        0xe C:\QMK_MSYS\tmp\ccFcGjee.ltrans0.ltrans.o
 .text.unregister_weak_mods
                0x00001c84       0x16 C:\QMK_MSYS\tmp\ccFcGjee.ltrans0.ltrans.o
 .text.register_code
                0x00001c9a       0xc4 C:\QMK_MSYS\tmp\ccFcGjee.ltrans0.ltrans.o
 .text.register_code16
                0x00001d5e       0x2c C:\QMK_MSYS\tmp\ccFcGjee.ltrans0.ltrans.o
 .text.autoshift_press_user.constprop.0
                0x00001d8a       0x20 C:\QMK_MSYS\tmp\ccFcGjee.ltrans0.ltrans.o
 .text.unregister_code
                0x00001daa       0x54 C:\QMK_MSYS\tmp\ccFcGjee.ltrans0.ltrans.o
 .text.unregister_code16
                0x00001dfe       0x2c C:\QMK_MSYS\tmp\ccFcGjee.ltrans0.ltrans.o
 .text.tap_code
                0x00001e2a       0x48 C:\QMK_MSYS\tmp\ccFcGjee.ltrans0.ltrans.o
 .text.send_string_with_delay.constprop.0
                0x00001e72      0x158 C:\QMK_MSYS\tmp\ccFcGjee.ltrans0.ltrans.o
 .text.clear_keyboard
                0x00001fca       0x44 C:\QMK_MSYS\tmp\ccFcGjee.ltrans0.ltrans.o
 .text.magic_settings_set
                0x0000200e      0x122 C:\QMK_MSYS\tmp\ccFcGjee.ltrans0.ltrans.o
 .text.qmk_settings_reset
                0x00002130       0x66 C:\QMK_MSYS\tmp\ccFcGjee.ltrans0.ltrans.o
 .text.USB_Device_ProcessControlRequest
                0x00002196      0x588 C:\QMK_MSYS\tmp\ccFcGjee.ltrans0.ltrans.o
 .text.autoshift_flush_shift
                0x0000271e       0x3e C:\QMK_MSYS\tmp\ccFcGjee.ltrans0.ltrans.o
 .text.autoshift_end.isra.0
                0x0000275c      0x124 C:\QMK_MSYS\tmp\ccFcGjee.ltrans0.ltrans.o
 .text.process_tap_dance_action_on_reset
                0x00002880       0x3a C:\QMK_MSYS\tmp\ccFcGjee.ltrans0.ltrans.o
 .text.process_tap_dance_action_on_dance_finished
                0x000028ba       0x4e C:\QMK_MSYS\tmp\ccFcGjee.ltrans0.ltrans.o
 .text.clear_active_override.isra.0
                0x00002908       0xbe C:\QMK_MSYS\tmp\ccFcGjee.ltrans0.ltrans.o
 .text.eeprom_settings_get
                0x000029c6       0x2c C:\QMK_MSYS\tmp\ccFcGjee.ltrans0.ltrans.o
 .text.eeprom_settings_set
                0x000029f2       0x34 C:\QMK_MSYS\tmp\ccFcGjee.ltrans0.ltrans.o
 .text.matrix_scan.isra.0
                0x00002a26      0x2de C:\QMK_MSYS\tmp\ccFcGjee.ltrans0.ltrans.o
 .text.sync_timer_handlers_master
                0x00002d04       0x98 C:\QMK_MSYS\tmp\ccFcGjee.ltrans0.ltrans.o
 .text.slave_matrix_handlers_master
                0x00002d9c      0x144 C:\QMK_MSYS\tmp\ccFcGjee.ltrans0.ltrans.o
 .text.watchdog_handlers_master
                0x00002ee0       0x64 C:\QMK_MSYS\tmp\ccFcGjee.ltrans0.ltrans.o
 .text.dynamic_keymap_reset
                0x00002f44      0x118 C:\QMK_MSYS\tmp\ccFcGjee.ltrans0.ltrans.o
 .text.eeconfig_init_via
                0x0000305c       0x20 C:\QMK_MSYS\tmp\ccFcGjee.ltrans0.ltrans.o
 .text.reload_combo
                0x0000307c       0x88 C:\QMK_MSYS\tmp\ccFcGjee.ltrans0.ltrans.o
 .text.reload_key_override
                0x00003104      0x10e C:\QMK_MSYS\tmp\ccFcGjee.ltrans0.ltrans.o
 .text.dynamic_keymap_get_tap_dance
                0x00003212       0x2a C:\QMK_MSYS\tmp\ccFcGjee.ltrans0.ltrans.o
 .text.get_tapping_term.isra.0
                0x0000323c       0x3e C:\QMK_MSYS\tmp\ccFcGjee.ltrans0.ltrans.o
 .text.perform_space_cadet.isra.0
                0x0000327a       0xc6 C:\QMK_MSYS\tmp\ccFcGjee.ltrans0.ltrans.o
 .text.process_record
                0x00003340     0x13f4 C:\QMK_MSYS\tmp\ccFcGjee.ltrans0.ltrans.o
 .text.waiting_buffer_scan_tap
                0x00004734       0xba C:\QMK_MSYS\tmp\ccFcGjee.ltrans0.ltrans.o
 .text.process_tapping
                0x000047ee      0x3f0 C:\QMK_MSYS\tmp\ccFcGjee.ltrans0.ltrans.o
 .text.action_tapping_process
                0x00004bde       0xd6 C:\QMK_MSYS\tmp\ccFcGjee.ltrans0.ltrans.o
 .text.dump_key_buffer
                0x00004cb4       0x8e C:\QMK_MSYS\tmp\ccFcGjee.ltrans0.ltrans.o
 .text.apply_combos
                0x00004d42      0x146 C:\QMK_MSYS\tmp\ccFcGjee.ltrans0.ltrans.o
 .text.combo_disable
                0x00004e88       0x1e C:\QMK_MSYS\tmp\ccFcGjee.ltrans0.ltrans.o
 .text.action_exec
                0x00004ea6      0x484 C:\QMK_MSYS\tmp\ccFcGjee.ltrans0.ltrans.o
 .text.generate_tick_event
                0x0000532a       0x46 C:\QMK_MSYS\tmp\ccFcGjee.ltrans0.ltrans.o
 .text.vial_keycode_down
                0x00005370       0x44 C:\QMK_MSYS\tmp\ccFcGjee.ltrans0.ltrans.o
 .text.vial_keycode_up
                0x000053b4       0x44 C:\QMK_MSYS\tmp\ccFcGjee.ltrans0.ltrans.o
 .text.vial_keycode_tap
                0x000053f8       0x26 C:\QMK_MSYS\tmp\ccFcGjee.ltrans0.ltrans.o
 .text.on_dance
                0x0000541e       0x4e C:\QMK_MSYS\tmp\ccFcGjee.ltrans0.ltrans.o
 .text.on_dance_finished
                0x0000546c       0xea C:\QMK_MSYS\tmp\ccFcGjee.ltrans0.ltrans.o
 .text.on_dance_reset
                0x00005556       0xa8 C:\QMK_MSYS\tmp\ccFcGjee.ltrans0.ltrans.o
 .text.startup.main
                0x000055fe      0xe6e C:\QMK_MSYS\tmp\ccFcGjee.ltrans0.ltrans.o
                0x000055fe                main
 .text.__vector_12
                0x0000646c       0x4e C:\QMK_MSYS\tmp\ccFcGjee.ltrans0.ltrans.o
                0x0000646c                __vector_12
 .text.__vector_21
                0x000064ba       0x48 C:\QMK_MSYS\tmp\ccFcGjee.ltrans0.ltrans.o
                0x000064ba                __vector_21
 .text.__vector_10
                0x00006502      0x1b0 C:\QMK_MSYS\tmp\ccFcGjee.ltrans0.ltrans.o
                0x00006502                __vector_10
 .text.__vector_11
                0x000066b2       0x92 C:\QMK_MSYS\tmp\ccFcGjee.ltrans0.ltrans.o
                0x000066b2                __vector_11
 .text.sync_recv
                0x00006744       0x12 .build/obj_potato38_vial/serial.a(serial.o)
 .text.sync_send
                0x00006756        0xc .build/obj_potato38_vial/serial.a(serial.o)
 .text.serial_read_chunk.constprop.0
                0x00006762       0x5a .build/obj_potato38_vial/serial.a(serial.o)
 .text.serial_recive_packet
                0x000067bc       0x40 .build/obj_potato38_vial/serial.a(serial.o)
 .text.soft_serial_initiator_init
                0x000067fc        0x6 .build/obj_potato38_vial/serial.a(serial.o)
                0x000067fc                soft_serial_initiator_init
 .text.soft_serial_target_init
                0x00006802       0x12 .build/obj_potato38_vial/serial.a(serial.o)
                0x00006802                soft_serial_target_init
 .text.serial_write_chunk
                0x00006814       0x46 .build/obj_potato38_vial/serial.a(serial.o)
                0x00006814                serial_write_chunk
 .text.serial_send_packet
                0x0000685a       0x32 .build/obj_potato38_vial/serial.a(serial.o)
 .text.__vector_3
                0x0000688c      0x14c .build/obj_potato38_vial/serial.a(serial.o)
                0x0000688c                __vector_3
 .text.soft_serial_transaction
                0x000069d8       0xea .build/obj_potato38_vial/serial.a(serial.o)
                0x000069d8                soft_serial_transaction
 .text.libgcc.prologue
                0x00006ac2       0x38 c:/qmk_msys/mingw64/bin/../lib/gcc/avr/12.2.0/avr5\libgcc.a(_prologue.o)
                0x00006ac2                __prologue_saves__
 .text.libgcc.prologue
                0x00006afa       0x36 c:/qmk_msys/mingw64/bin/../lib/gcc/avr/12.2.0/avr5\libgcc.a(_epilogue.o)
                0x00006afa                __epilogue_restores__
 .text.libgcc   0x00006b30        0xc c:/qmk_msys/mingw64/bin/../lib/gcc/avr/12.2.0/avr5\libgcc.a(_tablejump2.o)
                0x00006b30                __tablejump2__
 .text.libgcc.builtins
                0x00006b3c        0xe c:/qmk_msys/mingw64/bin/../lib/gcc/avr/12.2.0/avr5\libgcc.a(_bswapsi2.o)
                0x00006b3c                __bswapsi2
 .text.avr-libc
                0x00006b4a       0x12 c:/qmk_msys/mingw64/bin/../lib/gcc/avr/12.2.0/../../../../avr/lib/avr5\libc.a(memcpy_P.o)
                0x00006b4a                memcpy_P
 .text.avr-libc
                0x00006b5c       0x1a c:/qmk_msys/mingw64/bin/../lib/gcc/avr/12.2.0/../../../../avr/lib/avr5\libc.a(memcmp.o)
                0x00006b5c                memcmp
 .text.avr-libc
                0x00006b76       0x12 c:/qmk_msys/mingw64/bin/../lib/gcc/avr/12.2.0/../../../../avr/lib/avr5\libc.a(memcpy.o)
                0x00006b76                memcpy
 .text.avr-libc
                0x00006b88        0xe c:/qmk_msys/mingw64/bin/../lib/gcc/avr/12.2.0/../../../../avr/lib/avr5\libc.a(memset.o)
                0x00006b88                memset
 .text.avr-libc
                0x00006b96       0x20 c:/qmk_msys/mingw64/bin/../lib/gcc/avr/12.2.0/../../../../avr/lib/avr5\libatmega32u4.a(eerd_block.o)
                0x00006b96                eeprom_read_block
                0x00006b9a                eeprom_read_blraw
 .text.avr-libc
                0x00006bb6       0x10 c:/qmk_msys/mingw64/bin/../lib/gcc/avr/12.2.0/../../../../avr/lib/avr5\libatmega32u4.a(eerd_byte.o)
                0x00006bb6                eeprom_read_byte
 .text.avr-libc
                0x00006bc6        0xc c:/qmk_msys/mingw64/bin/../lib/gcc/avr/12.2.0/../../../../avr/lib/avr5\libatmega32u4.a(eerd_word.o)
                0x00006bc6                eeprom_read_word
 .text.avr-libc
                0x00006bd2       0x20 c:/qmk_msys/mingw64/bin/../lib/gcc/avr/12.2.0/../../../../avr/lib/avr5\libatmega32u4.a(eeupd_block.o)
                0x00006bd2                eeprom_update_block
 .text.avr-libc
                0x00006bf2       0x24 c:/qmk_msys/mingw64/bin/../lib/gcc/avr/12.2.0/../../../../avr/lib/avr5\libatmega32u4.a(eeupd_byte.o)
                0x00006bf2                eeprom_update_byte
                0x00006bf4                eeprom_update_r18
 .text.avr-libc
                0x00006c16       0x18 c:/qmk_msys/mingw64/bin/../lib/gcc/avr/12.2.0/../../../../avr/lib/avr5\libatmega32u4.a(eeupd_dword.o)
                0x00006c16                eeprom_update_float
                0x00006c16                eeprom_update_dword
 .text.avr-libc
                0x00006c2e        0xc c:/qmk_msys/mingw64/bin/../lib/gcc/avr/12.2.0/../../../../avr/lib/avr5\libatmega32u4.a(eeupd_word.o)
                0x00006c2e                eeprom_update_word
 .text.avr-libc
                0x00006c3a       0x14 c:/qmk_msys/mingw64/bin/../lib/gcc/avr/12.2.0/../../../../avr/lib/avr5\libatmega32u4.a(eewr_block.o)
                0x00006c3a                eeprom_write_block
 .text.avr-libc
                0x00006c4e       0x1c c:/qmk_msys/mingw64/bin/../lib/gcc/avr/12.2.0/../../../../avr/lib/avr5\libatmega32u4.a(eewr_byte.o)
                0x00006c4e                eeprom_write_byte
                0x00006c50                eeprom_write_r18
                0x00006c6a                        . = ALIGN (0x2)
 *(.fini9)
 .fini9         0x00006c6a        0x0 c:/qmk_msys/mingw64/bin/../lib/gcc/avr/12.2.0/avr5\libgcc.a(_exit.o)
                0x00006c6a                _exit
                0x00006c6a                exit
 *(.fini9)
 *(.fini8)
 *(.fini8)
 *(.fini7)
 *(.fini7)
 *(.fini6)
 *(.fini6)
 *(.fini5)
 *(.fini5)
 *(.fini4)
 *(.fini4)
 *(.fini3)
 *(.fini3)
 *(.fini2)
 *(.fini2)
 *(.fini1)
 *(.fini1)
 *(.fini0)
 .fini0         0x00006c6a        0x4 c:/qmk_msys/mingw64/bin/../lib/gcc/avr/12.2.0/avr5\libgcc.a(_exit.o)
 *(.fini0)
 *(.hightext)
 *(.hightext*)
 *(.progmemx.*)
                0x00006c6e                        . = ALIGN (0x2)
 *(.jumptables)
 *(.jumptables*)
 .jumptables.gcc.USB_Device_ProcessControlRequest
                0x00006c6e       0x14 C:\QMK_MSYS\tmp\ccFcGjee.ltrans0.ltrans.o
 .jumptables.gcc.process_record
                0x00006c82       0x52 C:\QMK_MSYS\tmp\ccFcGjee.ltrans0.ltrans.o
 .jumptables.gcc.main
                0x00006cd4       0x50 C:\QMK_MSYS\tmp\ccFcGjee.ltrans0.ltrans.o
                0x00006d24                        _etext = .

.data           0x00800100       0x90 load address 0x00006d24
                0x00800100                        PROVIDE (__data_start = .)
 *(.data)
 *(.data*)
 .data.isLeftHand
                0x00800100        0x1 C:\QMK_MSYS\tmp\ccFcGjee.ltrans0.ltrans.o
 .data.lufa_driver
                0x00800101        0xa C:\QMK_MSYS\tmp\ccFcGjee.ltrans0.ltrans.o
 .data.autoshift_timeout
                0x0080010b        0x2 C:\QMK_MSYS\tmp\ccFcGjee.ltrans0.ltrans.o
 .data.split_transaction_table
                0x0080010d       0x20 C:\QMK_MSYS\tmp\ccFcGjee.ltrans0.ltrans.o
                0x0080010d                split_transaction_table
 .data.keyboard_protocol
                0x0080012d        0x1 C:\QMK_MSYS\tmp\ccFcGjee.ltrans0.ltrans.o
 .data.enabled  0x0080012e        0x1 C:\QMK_MSYS\tmp\ccFcGjee.ltrans0.ltrans.o
 .data.autoshift_flags
                0x0080012f        0x1 C:\QMK_MSYS\tmp\ccFcGjee.ltrans0.ltrans.o
 .data.b_combo_enable
                0x00800130        0x1 C:\QMK_MSYS\tmp\ccFcGjee.ltrans0.ltrans.o
 *(.gnu.linkonce.d*)
 *(.rodata)
 .rodata        0x00800131        0x4 C:\QMK_MSYS\tmp\ccFcGjee.ltrans0.ltrans.o
 *(.rodata*)
 .rodata.main.str1.1
                0x00800135        0x9 C:\QMK_MSYS\tmp\ccFcGjee.ltrans0.ltrans.o
 .rodata.CSWTCH.3
                0x0080013e        0x3 C:\QMK_MSYS\tmp\ccFcGjee.ltrans0.ltrans.o
 .rodata.CSWTCH.2
                0x00800141        0x6 C:\QMK_MSYS\tmp\ccFcGjee.ltrans0.ltrans.o
 .rodata.CSWTCH.1
                0x00800147        0x6 C:\QMK_MSYS\tmp\ccFcGjee.ltrans0.ltrans.o
 .rodata.row_pins
                0x0080014d        0x4 C:\QMK_MSYS\tmp\ccFcGjee.ltrans0.ltrans.o
 .rodata.col_pins
                0x00800151        0x6 C:\QMK_MSYS\tmp\ccFcGjee.ltrans0.ltrans.o
 .rodata.split_shmem
                0x00800157        0x2 C:\QMK_MSYS\tmp\ccFcGjee.ltrans0.ltrans.o
                0x00800157                split_shmem
 .rodata.CSWTCH.13
                0x00800159       0x36 C:\QMK_MSYS\tmp\ccFcGjee.ltrans0.ltrans.o
 *(.gnu.linkonce.r*)
                0x00800190                        . = ALIGN (0x2)
 *fill*         0x0080018f        0x1 
                0x00800190                        _edata = .
                0x00800190                        PROVIDE (__data_end = .)

.bss            0x00800190      0x3c7
                0x00800190                        PROVIDE (__bss_start = .)
 *(.bss)
 .bss           0x00800190        0x2 .build/obj_potato38_vial/platforms/avr/xprintf.o
                0x00800190                xfunc_out
 *(.bss*)
 .bss.__compound_literal.0
                0x00800192        0x8 C:\QMK_MSYS\tmp\ccFcGjee.ltrans0.ltrans.o
 .bss.__compound_literal.1
                0x0080019a       0x20 C:\QMK_MSYS\tmp\ccFcGjee.ltrans0.ltrans.o
 .bss.last_sync_timer.0
                0x008001ba        0x4 C:\QMK_MSYS\tmp\ccFcGjee.ltrans0.ltrans.o
 .bss.connection_check_timer.0
                0x008001be        0x2 C:\QMK_MSYS\tmp\ccFcGjee.ltrans0.ltrans.o
 .bss.last_connected.0
                0x008001c0        0x1 C:\QMK_MSYS\tmp\ccFcGjee.ltrans0.ltrans.o
 .bss.debouncing_time
                0x008001c1        0x2 C:\QMK_MSYS\tmp\ccFcGjee.ltrans0.ltrans.o
 .bss.debouncing
                0x008001c3        0x1 C:\QMK_MSYS\tmp\ccFcGjee.ltrans0.ltrans.o
 .bss.sc_timer  0x008001c4        0x2 C:\QMK_MSYS\tmp\ccFcGjee.ltrans0.ltrans.o
 .bss.keyboard_idle
                0x008001c6        0x1 C:\QMK_MSYS\tmp\ccFcGjee.ltrans0.ltrans.o
 .bss.USB_Device_CurrentlySelfPowered
                0x008001c7        0x1 C:\QMK_MSYS\tmp\ccFcGjee.ltrans0.ltrans.o
 .bss.USB_Device_ConfigurationNumber
                0x008001c8        0x1 C:\QMK_MSYS\tmp\ccFcGjee.ltrans0.ltrans.o
 .bss.USB_IsInitialized
                0x008001c9        0x1 C:\QMK_MSYS\tmp\ccFcGjee.ltrans0.ltrans.o
 .bss.USB_ControlRequest
                0x008001ca        0x8 C:\QMK_MSYS\tmp\ccFcGjee.ltrans0.ltrans.o
 .bss.keyboard_report_sent
                0x008001d2        0x8 C:\QMK_MSYS\tmp\ccFcGjee.ltrans0.ltrans.o
 .bss.keyboard_led_state
                0x008001da        0x1 C:\QMK_MSYS\tmp\ccFcGjee.ltrans0.ltrans.o
 .bss.timer_count
                0x008001db        0x4 C:\QMK_MSYS\tmp\ccFcGjee.ltrans0.ltrans.o
 .bss.last_consumer_usage
                0x008001df        0x2 C:\QMK_MSYS\tmp\ccFcGjee.ltrans0.ltrans.o
 .bss.last_system_usage
                0x008001e1        0x2 C:\QMK_MSYS\tmp\ccFcGjee.ltrans0.ltrans.o
 .bss.key_buffer_next.0
                0x008001e3        0x1 C:\QMK_MSYS\tmp\ccFcGjee.ltrans0.ltrans.o
 .bss.autoshift_shift_states
                0x008001e4       0x20 C:\QMK_MSYS\tmp\ccFcGjee.ltrans0.ltrans.o
 .bss.vial_key_override_disabled
                0x00800204        0x1 C:\QMK_MSYS\tmp\ccFcGjee.ltrans0.ltrans.o
 .bss.override_ptrs
                0x00800205       0x12 C:\QMK_MSYS\tmp\ccFcGjee.ltrans0.ltrans.o
 .bss.overrides
                0x00800217       0x78 C:\QMK_MSYS\tmp\ccFcGjee.ltrans0.ltrans.o
 .bss.key_combos_keys
                0x0080028f       0x50 C:\QMK_MSYS\tmp\ccFcGjee.ltrans0.ltrans.o
 .bss.dance_state
                0x008002df        0x8 C:\QMK_MSYS\tmp\ccFcGjee.ltrans0.ltrans.o
 .bss.raw_matrix
                0x008002e7        0x8 C:\QMK_MSYS\tmp\ccFcGjee.ltrans0.ltrans.o
 .bss.thatHand  0x008002ef        0x1 C:\QMK_MSYS\tmp\ccFcGjee.ltrans0.ltrans.o
 .bss.thisHand  0x008002f0        0x1 C:\QMK_MSYS\tmp\ccFcGjee.ltrans0.ltrans.o
 .bss.wdt_timeout
                0x008002f1        0x1 C:\QMK_MSYS\tmp\ccFcGjee.ltrans0.ltrans.o
 .bss.USB_Device_RemoteWakeupEnabled
                0x008002f2        0x1 C:\QMK_MSYS\tmp\ccFcGjee.ltrans0.ltrans.o
 .bss.debug_config
                0x008002f3        0x1 C:\QMK_MSYS\tmp\ccFcGjee.ltrans0.ltrans.o
 .bss.matrix_previous.1
                0x008002f4        0x8 C:\QMK_MSYS\tmp\ccFcGjee.ltrans0.ltrans.o
 .bss.defer_delay
                0x008002fc        0x4 C:\QMK_MSYS\tmp\ccFcGjee.ltrans0.ltrans.o
 .bss.defer_reference_time
                0x00800300        0x4 C:\QMK_MSYS\tmp\ccFcGjee.ltrans0.ltrans.o
 .bss.split_watchdog_started
                0x00800304        0x4 C:\QMK_MSYS\tmp\ccFcGjee.ltrans0.ltrans.o
 .bss.last_led_status.0
                0x00800308        0x1 C:\QMK_MSYS\tmp\ccFcGjee.ltrans0.ltrans.o
 .bss.vial_unlock_timer
                0x00800309        0x2 C:\QMK_MSYS\tmp\ccFcGjee.ltrans0.ltrans.o
 .bss.vial_unlock_counter
                0x0080030b        0x2 C:\QMK_MSYS\tmp\ccFcGjee.ltrans0.ltrans.o
 .bss.matrix    0x0080030d        0x8 C:\QMK_MSYS\tmp\ccFcGjee.ltrans0.ltrans.o
 .bss.vial_unlocked
                0x00800315        0x2 C:\QMK_MSYS\tmp\ccFcGjee.ltrans0.ltrans.o
 .bss.USB_DeviceState
                0x00800317        0x1 C:\QMK_MSYS\tmp\ccFcGjee.ltrans0.ltrans.o
 .bss.connection_errors
                0x00800318        0x1 C:\QMK_MSYS\tmp\ccFcGjee.ltrans0.ltrans.o
 .bss.split_watchdog_done
                0x00800319        0x1 C:\QMK_MSYS\tmp\ccFcGjee.ltrans0.ltrans.o
 .bss.last_update.3
                0x0080031a        0x4 C:\QMK_MSYS\tmp\ccFcGjee.ltrans0.ltrans.o
 .bss.shared_memory
                0x0080031e        0xa C:\QMK_MSYS\tmp\ccFcGjee.ltrans0.ltrans.o
 .bss.last_matrix.1
                0x00800328        0x4 C:\QMK_MSYS\tmp\ccFcGjee.ltrans0.ltrans.o
 .bss.last_update.2
                0x0080032c        0x4 C:\QMK_MSYS\tmp\ccFcGjee.ltrans0.ltrans.o
 .bss.split_config
                0x00800330        0x2 C:\QMK_MSYS\tmp\ccFcGjee.ltrans0.ltrans.o
 .bss.sync_timer_ms
                0x00800332        0x4 C:\QMK_MSYS\tmp\ccFcGjee.ltrans0.ltrans.o
 .bss.g_vial_magic_keycode_override
                0x00800336        0x2 C:\QMK_MSYS\tmp\ccFcGjee.ltrans0.ltrans.o
 .bss.vial_unlock_in_progress
                0x00800338        0x2 C:\QMK_MSYS\tmp\ccFcGjee.ltrans0.ltrans.o
 .bss.last_tick.0
                0x0080033a        0x2 C:\QMK_MSYS\tmp\ccFcGjee.ltrans0.ltrans.o
 .bss.last_report.0
                0x0080033c       0x20 C:\QMK_MSYS\tmp\ccFcGjee.ltrans0.ltrans.o
 .bss.driver    0x0080035c        0x2 C:\QMK_MSYS\tmp\ccFcGjee.ltrans0.ltrans.o
 .bss.last_report.1
                0x0080035e        0x8 C:\QMK_MSYS\tmp\ccFcGjee.ltrans0.ltrans.o
 .bss.waiting_buffer_head
                0x00800366        0x1 C:\QMK_MSYS\tmp\ccFcGjee.ltrans0.ltrans.o
 .bss.waiting_buffer_tail
                0x00800367        0x1 C:\QMK_MSYS\tmp\ccFcGjee.ltrans0.ltrans.o
 .bss.waiting_buffer
                0x00800368       0x48 C:\QMK_MSYS\tmp\ccFcGjee.ltrans0.ltrans.o
 .bss.tapping_key
                0x008003b0        0x9 C:\QMK_MSYS\tmp\ccFcGjee.ltrans0.ltrans.o
 .bss.source_layers_cache
                0x008003b9       0x12 C:\QMK_MSYS\tmp\ccFcGjee.ltrans0.ltrans.o
 .bss.td_entry  0x008003cb        0xa C:\QMK_MSYS\tmp\ccFcGjee.ltrans0.ltrans.o
 .bss.weak_override_mods
                0x008003d5        0x1 C:\QMK_MSYS\tmp\ccFcGjee.ltrans0.ltrans.o
 .bss.suppressed_mods
                0x008003d6        0x1 C:\QMK_MSYS\tmp\ccFcGjee.ltrans0.ltrans.o
 .bss.active_override_trigger_is_down
                0x008003d7        0x1 C:\QMK_MSYS\tmp\ccFcGjee.ltrans0.ltrans.o
 .bss.active_override
                0x008003d8        0x2 C:\QMK_MSYS\tmp\ccFcGjee.ltrans0.ltrans.o
 .bss.deferred_register
                0x008003da        0x2 C:\QMK_MSYS\tmp\ccFcGjee.ltrans0.ltrans.o
 .bss.last_key_down_time
                0x008003dc        0x4 C:\QMK_MSYS\tmp\ccFcGjee.ltrans0.ltrans.o
 .bss.last_key_down
                0x008003e0        0x2 C:\QMK_MSYS\tmp\ccFcGjee.ltrans0.ltrans.o
 .bss.active_td
                0x008003e2        0x2 C:\QMK_MSYS\tmp\ccFcGjee.ltrans0.ltrans.o
 .bss.last_tap_time
                0x008003e4        0x2 C:\QMK_MSYS\tmp\ccFcGjee.ltrans0.ltrans.o
 .bss.tap_dance_actions
                0x008003e6       0x80 C:\QMK_MSYS\tmp\ccFcGjee.ltrans0.ltrans.o
 .bss.autoshift_time
                0x00800466        0x2 C:\QMK_MSYS\tmp\ccFcGjee.ltrans0.ltrans.o
 .bss.autoshift_lastkey
                0x00800468        0x2 C:\QMK_MSYS\tmp\ccFcGjee.ltrans0.ltrans.o
 .bss.autoshift_lastrecord
                0x0080046a        0x9 C:\QMK_MSYS\tmp\ccFcGjee.ltrans0.ltrans.o
 .bss.sc_last   0x00800473        0x1 C:\QMK_MSYS\tmp\ccFcGjee.ltrans0.ltrans.o
 .bss.grave_esc_was_shifted
                0x00800474        0x1 C:\QMK_MSYS\tmp\ccFcGjee.ltrans0.ltrans.o
 .bss.oneshot_time
                0x00800475        0x2 C:\QMK_MSYS\tmp\ccFcGjee.ltrans0.ltrans.o
 .bss.oneshot_mods
                0x00800477        0x1 C:\QMK_MSYS\tmp\ccFcGjee.ltrans0.ltrans.o
 .bss.real_mods
                0x00800478        0x1 C:\QMK_MSYS\tmp\ccFcGjee.ltrans0.ltrans.o
 .bss.oneshot_locked_mods
                0x00800479        0x1 C:\QMK_MSYS\tmp\ccFcGjee.ltrans0.ltrans.o
 .bss.weak_mods
                0x0080047a        0x1 C:\QMK_MSYS\tmp\ccFcGjee.ltrans0.ltrans.o
 .bss.oneshot_layer_data
                0x0080047b        0x1 C:\QMK_MSYS\tmp\ccFcGjee.ltrans0.ltrans.o
 .bss.oneshot_layer_time
                0x0080047c        0x2 C:\QMK_MSYS\tmp\ccFcGjee.ltrans0.ltrans.o
 .bss.key_combos
                0x0080047e       0x38 C:\QMK_MSYS\tmp\ccFcGjee.ltrans0.ltrans.o
 .bss.combo_buffer
                0x008004b6        0x8 C:\QMK_MSYS\tmp\ccFcGjee.ltrans0.ltrans.o
 .bss.longest_term
                0x008004be        0x2 C:\QMK_MSYS\tmp\ccFcGjee.ltrans0.ltrans.o
 .bss.combo_buffer_write
                0x008004c0        0x1 C:\QMK_MSYS\tmp\ccFcGjee.ltrans0.ltrans.o
 .bss.combo_buffer_read
                0x008004c1        0x1 C:\QMK_MSYS\tmp\ccFcGjee.ltrans0.ltrans.o
 .bss.key_buffer
                0x008004c2       0x68 C:\QMK_MSYS\tmp\ccFcGjee.ltrans0.ltrans.o
 .bss.key_buffer_size
                0x0080052a        0x1 C:\QMK_MSYS\tmp\ccFcGjee.ltrans0.ltrans.o
 .bss.timer     0x0080052b        0x2 C:\QMK_MSYS\tmp\ccFcGjee.ltrans0.ltrans.o
 .bss.default_layer_state
                0x0080052d        0x1 C:\QMK_MSYS\tmp\ccFcGjee.ltrans0.ltrans.o
 .bss.layer_state
                0x0080052e        0x1 C:\QMK_MSYS\tmp\ccFcGjee.ltrans0.ltrans.o
 .bss.QS        0x0080052f       0x24 C:\QMK_MSYS\tmp\ccFcGjee.ltrans0.ltrans.o
 .bss.keymap_config
                0x00800553        0x2 C:\QMK_MSYS\tmp\ccFcGjee.ltrans0.ltrans.o
 .bss.retro_tapping_counter
                0x00800555        0x2 C:\QMK_MSYS\tmp\ccFcGjee.ltrans0.ltrans.o
 *(COMMON)
                0x00800557                        PROVIDE (__bss_end = .)
                0x00006d24                        __data_load_start = LOADADDR (.data)
                0x00006db4                        __data_load_end = (__data_load_start + SIZEOF (.data))

.noinit         0x00800557        0x4
                [!provide]                        PROVIDE (__noinit_start = .)
 *(.noinit .noinit.* .gnu.linkonce.n.*)
 .noinit        0x00800557        0x4 C:\QMK_MSYS\tmp\ccFcGjee.ltrans0.ltrans.o
                [!provide]                        PROVIDE (__noinit_end = .)
                0x0080055b                        _end = .
                [!provide]                        PROVIDE (__heap_start = .)

.eeprom         0x00810000        0x0
 *(.eeprom*)
                0x00810000                        __eeprom_end = .

.fuse
 *(.fuse)
 *(.lfuse)
 *(.hfuse)
 *(.efuse)

.lock
 *(.lock*)

.signature
 *(.signature*)

.stab
 *(.stab)

.stabstr
 *(.stabstr)

.stab.excl
 *(.stab.excl)

.stab.exclstr
 *(.stab.exclstr)

.stab.index
 *(.stab.index)

.stab.indexstr
 *(.stab.indexstr)

.comment        0x00000000       0x12
 *(.comment)
 .comment       0x00000000       0x13 C:\QMK_MSYS\tmp\ccFcGjee.ltrans0.ltrans.o
 .comment       0x00000000       0x12 .build/obj_potato38_vial/serial.a(serial.o)
                                 0x13 (size before relaxing)

.note.gnu.avr.deviceinfo
                0x00000000       0x40
 .note.gnu.avr.deviceinfo
                0x00000000       0x40 c:/qmk_msys/mingw64/bin/../lib/gcc/avr/12.2.0/../../../../avr/lib/avr5/crtatmega32u4.o

.gnu.build.attributes
 *(.gnu.build.attributes .gnu.build.attributes.*)

.note.gnu.build-id
 *(.note.gnu.build-id)

.debug
 *(.debug)

.line
 *(.line)

.debug_srcinfo
 *(.debug_srcinfo)

.debug_sfnames
 *(.debug_sfnames)

.debug_aranges  0x00000000      0x4a0
 *(.debug_aranges)
 .debug_aranges
                0x00000000      0x438 C:\QMK_MSYS\tmp\ccFcGjee.ltrans0.ltrans.o
 .debug_aranges
                0x00000438       0x68 .build/obj_potato38_vial/serial.a(serial.o)

.debug_pubnames
 *(.debug_pubnames)

.debug_info     0x00000000    0x451a4
 *(.debug_info .gnu.linkonce.wi.*)
 .debug_info    0x00000000      0x9f4 c:/qmk_msys/mingw64/bin/../lib/gcc/avr/12.2.0/../../../../avr/lib/avr5/crtatmega32u4.o
 .debug_info    0x000009f4     0xa98c C:\QMK_MSYS\tmp\ccFcGjee.ltrans0.ltrans.o
 .debug_info    0x0000b380     0x24e7 C:\QMK_MSYS\tmp\ccIhIi7S.debug.temp.o
                0x0000b380                keymap_introspection.c.41c16a83
 .debug_info    0x0000d867     0x2f3c C:\QMK_MSYS\tmp\ccv7GQJb.debug.temp.o
                0x0000d867                quantum.c.02ed37cb
 .debug_info    0x000107a3      0x1c9 C:\QMK_MSYS\tmp\ccavPLqt.debug.temp.o
                0x000107a3                bitwise.c.08dec51e
 .debug_info    0x0001096c      0x2fb C:\QMK_MSYS\tmp\cc9MBzfL.debug.temp.o
                0x0001096c                led.c.52aea4b7
 .debug_info    0x00010c67     0x352e C:\QMK_MSYS\tmp\ccusa322.debug.temp.o
                0x00010c67                action.c.6639172c
 .debug_info    0x00014195      0x870 C:\QMK_MSYS\tmp\ccTdN3Yk.debug.temp.o
                0x00014195                action_layer.c.2bac924f
 .debug_info    0x00014a05     0x2933 C:\QMK_MSYS\tmp\cccqZw8C.debug.temp.o
                0x00014a05                action_tapping.c.be78b8f7
 .debug_info    0x00017338      0x9f6 C:\QMK_MSYS\tmp\cch5H3bV.debug.temp.o
                0x00017338                action_util.c.2979a262
 .debug_info    0x00017d2e      0x3b3 C:\QMK_MSYS\tmp\ccA7wXdc.debug.temp.o
                0x00017d2e                eeconfig.c.aec0b75e
 .debug_info    0x000180e1      0x694 C:\QMK_MSYS\tmp\cc72C5st.debug.temp.o
                0x000180e1                keyboard.c.99158da1
 .debug_info    0x00018775     0x2a3b C:\QMK_MSYS\tmp\ccos4OCK.debug.temp.o
                0x00018775                keymap_common.c.0d90e468
 .debug_info    0x0001b1b0     0x239a C:\QMK_MSYS\tmp\ccV7xx21.debug.temp.o
                0x0001b1b0                keycode_config.c.3cbb8836
 .debug_info    0x0001d54a      0x17d C:\QMK_MSYS\tmp\ccozxpvj.debug.temp.o
                0x0001d54a                sync_timer.c.bc837d5a
 .debug_info    0x0001d6c7      0x10a C:\QMK_MSYS\tmp\cchCb8Vz.debug.temp.o
                0x0001d6c7                debug.c.81029769
 .debug_info    0x0001d7d1       0x87 C:\QMK_MSYS\tmp\ccWJNEuQ.debug.temp.o
                0x0001d7d1                sendchar.c.85d8e108
 .debug_info    0x0001d858      0x1b0 C:\QMK_MSYS\tmp\cc3xiik7.debug.temp.o
                0x0001d858                bootmagic_lite.c.50fdf3a0
 .debug_info    0x0001da08      0x2fa C:\QMK_MSYS\tmp\ccIvd1go.debug.temp.o
                0x0001da08                magic.c.cbb3d4db
 .debug_info    0x0001dd02      0x482 C:\QMK_MSYS\tmp\ccpu6c9E.debug.temp.o
                0x0001dd02                matrix_common.c.d8fd78a0
 .debug_info    0x0001e184      0x45d C:\QMK_MSYS\tmp\cckwFnLZ.debug.temp.o
                0x0001e184                matrix.c.fecd7470
 .debug_info    0x0001e5e1      0x1dd C:\QMK_MSYS\tmp\ccT0Wejk.debug.temp.o
                0x0001e5e1                sym_defer_g.c.e33b45ff
 .debug_info    0x0001e7be      0x37a C:\QMK_MSYS\tmp\ccKuhyRE.debug.temp.o
                0x0001e7be                split_util.c.0ee20dd1
 .debug_info    0x0001eb38      0x3c1 C:\QMK_MSYS\tmp\ccnje8DZ.debug.temp.o
                0x0001eb38                transport.c.0b3e6066
 .debug_info    0x0001eef9      0x6d6 C:\QMK_MSYS\tmp\ccUszimk.debug.temp.o
                0x0001eef9                transactions.c.b9c44052
 .debug_info    0x0001f5cf       0xed C:\QMK_MSYS\tmp\cchzBSiF.debug.temp.o
                0x0001f5cf                main.c.3de0af7f
 .debug_info    0x0001f6bc       0xc7 C:\QMK_MSYS\tmp\ccsP9Ka0.debug.temp.o
                0x0001f6bc                printf.c.4a6d8175
 .debug_info    0x0001f783     0x3516 C:\QMK_MSYS\tmp\cctYivgl.debug.temp.o
                0x0001f783                vial.c.91e526e3
 .debug_info    0x00022c99     0x2e08 C:\QMK_MSYS\tmp\ccKVLkhG.debug.temp.o
                0x00022c99                qmk_settings.c.c957697c
 .debug_info    0x00025aa1     0x2bf8 C:\QMK_MSYS\tmp\ccZlSCk0.debug.temp.o
                0x00025aa1                process_auto_shift.c.fecdf6f2
 .debug_info    0x00028699     0x2ac6 C:\QMK_MSYS\tmp\cccdVvjk.debug.temp.o
                0x00028699                process_combo.c.c0e12ef5
 .debug_info    0x0002b15f       0xfe C:\QMK_MSYS\tmp\ccjXXrvE.debug.temp.o
                0x0002b15f                crc.c.55faa73f
 .debug_info    0x0002b25d     0x2bce C:\QMK_MSYS\tmp\ccEw90CY.debug.temp.o
                0x0002b25d                dynamic_keymap.c.e8615969
 .debug_info    0x0002de2b     0x25df C:\QMK_MSYS\tmp\ccxZSZXi.debug.temp.o
                0x0002de2b                process_grave_esc.c.9aee2e9d
 .debug_info    0x0003040a     0x2be3 C:\QMK_MSYS\tmp\cccBGkrD.debug.temp.o
                0x0003040a                process_key_override.c.fd48d7a2
 .debug_info    0x00032fed     0x2508 C:\QMK_MSYS\tmp\ccTBMaPX.debug.temp.o
                0x00032fed                process_magic.c.4473a699
 .debug_info    0x000354f5     0x2720 C:\QMK_MSYS\tmp\cceBLqfh.debug.temp.o
                0x000354f5                send_string.c.0ed08b62
 .debug_info    0x00037c15     0x2478 C:\QMK_MSYS\tmp\cc5yb9CA.debug.temp.o
                0x00037c15                process_space_cadet.c.749cfd4c
 .debug_info    0x0003a08d      0x9f5 C:\QMK_MSYS\tmp\ccwfP57T.debug.temp.o
                0x0003a08d                process_tap_dance.c.de0b9ef1
 .debug_info    0x0003aa82     0x240a C:\QMK_MSYS\tmp\cc5HHgMd.debug.temp.o
                0x0003aa82                process_tri_layer.c.03352305
 .debug_info    0x0003ce8c      0xa67 C:\QMK_MSYS\tmp\ccnEGSyQ.debug.temp.o
                0x0003ce8c                via.c.c021553f
 .debug_info    0x0003d8f3      0x6ad C:\QMK_MSYS\tmp\ccU73eB9.debug.temp.o
                0x0003d8f3                host.c.09b9a5fc
 .debug_info    0x0003dfa0     0x25d4 C:\QMK_MSYS\tmp\cctYsCKs.debug.temp.o
                0x0003dfa0                report.c.29dd230d
 .debug_info    0x00040574      0x17f C:\QMK_MSYS\tmp\ccqVqVPL.debug.temp.o
                0x00040574                usb_device_state.c.fe615646
 .debug_info    0x000406f3       0xf8 C:\QMK_MSYS\tmp\ccSeHlio.debug.temp.o
                0x000406f3                suspend.c.b1df1f69
 .debug_info    0x000407eb       0x75 C:\QMK_MSYS\tmp\ccAPfAvS.debug.temp.o
                0x000407eb                platform.c.7062667b
 .debug_info    0x00040860      0x17e C:\QMK_MSYS\tmp\ccjXiJIf.debug.temp.o
                0x00040860                suspend.c.189677d5
 .debug_info    0x000409de      0x209 C:\QMK_MSYS\tmp\ccSnk38C.debug.temp.o
                0x000409de                timer.c.b5ec320d
 .debug_info    0x00040be7      0x15d C:\QMK_MSYS\tmp\ccjAWOu0.debug.temp.o
                0x00040be7                dfu.c.752527f1
 .debug_info    0x00040d44      0xcd8 C:\QMK_MSYS\tmp\cc0giMTm.debug.temp.o
                0x00040d44                lufa.c.dbd6709c
 .debug_info    0x00041a1c      0x82c C:\QMK_MSYS\tmp\ccnX6heJ.debug.temp.o
                0x00041a1c                usb_descriptor.c.f7d988b9
 .debug_info    0x00042248       0x9c C:\QMK_MSYS\tmp\ccDcAwfs.debug.temp.o
                0x00042248                Device_AVR8.c.6122c6e0
 .debug_info    0x000422e4      0xb26 C:\QMK_MSYS\tmp\cc48tJWO.debug.temp.o
                0x000422e4                EndpointStream_AVR8.c.ea77c282
 .debug_info    0x00042e0a      0x3fa C:\QMK_MSYS\tmp\cctYK7yb.debug.temp.o
                0x00042e0a                Endpoint_AVR8.c.3c370218
 .debug_info    0x00043204      0x2f0 C:\QMK_MSYS\tmp\cc1l9ATC.debug.temp.o
                0x00043204                USBController_AVR8.c.38b1cbc8
 .debug_info    0x000434f4      0x366 C:\QMK_MSYS\tmp\ccSfLcKY.debug.temp.o
                0x000434f4                USBInterrupt_AVR8.c.ae0ffbf2
 .debug_info    0x0004385a      0x624 C:\QMK_MSYS\tmp\ccQBI8NG.debug.temp.o
                0x0004385a                DeviceStandardReq.c.b6f18b9f
 .debug_info    0x00043e7e      0x1d8 C:\QMK_MSYS\tmp\cc5qdCiK.debug.temp.o
                0x00043e7e                USBTask.c.1482314e
 .debug_info    0x00044056      0x1da C:\QMK_MSYS\tmp\cc8okuD5.debug.temp.o
                0x00044056                usb_util.c.f6acfc43
 .debug_info    0x00044230      0xf74 .build/obj_potato38_vial/serial.a(serial.o)

.debug_abbrev   0x00000000     0x68f7
 *(.debug_abbrev)
 .debug_abbrev  0x00000000      0x96a c:/qmk_msys/mingw64/bin/../lib/gcc/avr/12.2.0/../../../../avr/lib/avr5/crtatmega32u4.o
 .debug_abbrev  0x0000096a      0x368 C:\QMK_MSYS\tmp\ccFcGjee.ltrans0.ltrans.o
 .debug_abbrev  0x00000cd2       0xe0 C:\QMK_MSYS\tmp\ccIhIi7S.debug.temp.o
 .debug_abbrev  0x00000db2      0x28e C:\QMK_MSYS\tmp\ccv7GQJb.debug.temp.o
 .debug_abbrev  0x00001040       0x7b C:\QMK_MSYS\tmp\ccavPLqt.debug.temp.o
 .debug_abbrev  0x000010bb      0x13f C:\QMK_MSYS\tmp\cc9MBzfL.debug.temp.o
 .debug_abbrev  0x000011fa      0x33b C:\QMK_MSYS\tmp\ccusa322.debug.temp.o
 .debug_abbrev  0x00001535      0x216 C:\QMK_MSYS\tmp\ccTdN3Yk.debug.temp.o
 .debug_abbrev  0x0000174b      0x230 C:\QMK_MSYS\tmp\cccqZw8C.debug.temp.o
 .debug_abbrev  0x0000197b      0x262 C:\QMK_MSYS\tmp\cch5H3bV.debug.temp.o
 .debug_abbrev  0x00001bdd      0x15e C:\QMK_MSYS\tmp\ccA7wXdc.debug.temp.o
 .debug_abbrev  0x00001d3b      0x253 C:\QMK_MSYS\tmp\cc72C5st.debug.temp.o
 .debug_abbrev  0x00001f8e      0x18e C:\QMK_MSYS\tmp\ccos4OCK.debug.temp.o
 .debug_abbrev  0x0000211c      0x100 C:\QMK_MSYS\tmp\ccV7xx21.debug.temp.o
 .debug_abbrev  0x0000221c       0xdb C:\QMK_MSYS\tmp\ccozxpvj.debug.temp.o
 .debug_abbrev  0x000022f7       0xa0 C:\QMK_MSYS\tmp\cchCb8Vz.debug.temp.o
 .debug_abbrev  0x00002397       0x57 C:\QMK_MSYS\tmp\ccWJNEuQ.debug.temp.o
 .debug_abbrev  0x000023ee      0x144 C:\QMK_MSYS\tmp\cc3xiik7.debug.temp.o
 .debug_abbrev  0x00002532      0x12e C:\QMK_MSYS\tmp\ccIvd1go.debug.temp.o
 .debug_abbrev  0x00002660      0x1ed C:\QMK_MSYS\tmp\ccpu6c9E.debug.temp.o
 .debug_abbrev  0x0000284d      0x1c3 C:\QMK_MSYS\tmp\cckwFnLZ.debug.temp.o
 .debug_abbrev  0x00002a10       0xfb C:\QMK_MSYS\tmp\ccT0Wejk.debug.temp.o
 .debug_abbrev  0x00002b0b      0x1d6 C:\QMK_MSYS\tmp\ccKuhyRE.debug.temp.o
 .debug_abbrev  0x00002ce1      0x193 C:\QMK_MSYS\tmp\ccnje8DZ.debug.temp.o
 .debug_abbrev  0x00002e74      0x252 C:\QMK_MSYS\tmp\ccUszimk.debug.temp.o
 .debug_abbrev  0x000030c6       0x5d C:\QMK_MSYS\tmp\cchzBSiF.debug.temp.o
 .debug_abbrev  0x00003123       0x8c C:\QMK_MSYS\tmp\ccsP9Ka0.debug.temp.o
 .debug_abbrev  0x000031af      0x368 C:\QMK_MSYS\tmp\cctYivgl.debug.temp.o
 .debug_abbrev  0x00003517      0x26b C:\QMK_MSYS\tmp\ccKVLkhG.debug.temp.o
 .debug_abbrev  0x00003782      0x291 C:\QMK_MSYS\tmp\ccZlSCk0.debug.temp.o
 .debug_abbrev  0x00003a13      0x27a C:\QMK_MSYS\tmp\cccdVvjk.debug.temp.o
 .debug_abbrev  0x00003c8d       0x8e C:\QMK_MSYS\tmp\ccjXXrvE.debug.temp.o
 .debug_abbrev  0x00003d1b      0x278 C:\QMK_MSYS\tmp\ccEw90CY.debug.temp.o
 .debug_abbrev  0x00003f93      0x176 C:\QMK_MSYS\tmp\ccxZSZXi.debug.temp.o
 .debug_abbrev  0x00004109      0x29d C:\QMK_MSYS\tmp\cccBGkrD.debug.temp.o
 .debug_abbrev  0x000043a6      0x14d C:\QMK_MSYS\tmp\ccTBMaPX.debug.temp.o
 .debug_abbrev  0x000044f3      0x1b9 C:\QMK_MSYS\tmp\cceBLqfh.debug.temp.o
 .debug_abbrev  0x000046ac      0x139 C:\QMK_MSYS\tmp\cc5yb9CA.debug.temp.o
 .debug_abbrev  0x000047e5      0x206 C:\QMK_MSYS\tmp\ccwfP57T.debug.temp.o
 .debug_abbrev  0x000049eb      0x102 C:\QMK_MSYS\tmp\cc5HHgMd.debug.temp.o
 .debug_abbrev  0x00004aed      0x24c C:\QMK_MSYS\tmp\ccnEGSyQ.debug.temp.o
 .debug_abbrev  0x00004d39      0x1dc C:\QMK_MSYS\tmp\ccU73eB9.debug.temp.o
 .debug_abbrev  0x00004f15      0x1a7 C:\QMK_MSYS\tmp\cctYsCKs.debug.temp.o
 .debug_abbrev  0x000050bc       0xc8 C:\QMK_MSYS\tmp\ccqVqVPL.debug.temp.o
 .debug_abbrev  0x00005184       0xa2 C:\QMK_MSYS\tmp\ccSeHlio.debug.temp.o
 .debug_abbrev  0x00005226       0x55 C:\QMK_MSYS\tmp\ccAPfAvS.debug.temp.o
 .debug_abbrev  0x0000527b       0xea C:\QMK_MSYS\tmp\ccjXiJIf.debug.temp.o
 .debug_abbrev  0x00005365      0x108 C:\QMK_MSYS\tmp\ccSnk38C.debug.temp.o
 .debug_abbrev  0x0000546d      0x116 C:\QMK_MSYS\tmp\ccjAWOu0.debug.temp.o
 .debug_abbrev  0x00005583      0x367 C:\QMK_MSYS\tmp\cc0giMTm.debug.temp.o
 .debug_abbrev  0x000058ea      0x146 C:\QMK_MSYS\tmp\ccnX6heJ.debug.temp.o
 .debug_abbrev  0x00005a30       0x66 C:\QMK_MSYS\tmp\ccDcAwfs.debug.temp.o
 .debug_abbrev  0x00005a96      0x190 C:\QMK_MSYS\tmp\cc48tJWO.debug.temp.o
 .debug_abbrev  0x00005c26      0x16c C:\QMK_MSYS\tmp\cctYK7yb.debug.temp.o
 .debug_abbrev  0x00005d92      0x125 C:\QMK_MSYS\tmp\cc1l9ATC.debug.temp.o
 .debug_abbrev  0x00005eb7      0x191 C:\QMK_MSYS\tmp\ccSfLcKY.debug.temp.o
 .debug_abbrev  0x00006048      0x208 C:\QMK_MSYS\tmp\ccQBI8NG.debug.temp.o
 .debug_abbrev  0x00006250      0x127 C:\QMK_MSYS\tmp\cc5qdCiK.debug.temp.o
 .debug_abbrev  0x00006377      0x185 C:\QMK_MSYS\tmp\cc8okuD5.debug.temp.o
 .debug_abbrev  0x000064fc      0x3fb .build/obj_potato38_vial/serial.a(serial.o)

.debug_line     0x00000000    0x15415
 *(.debug_line .debug_line.* .debug_line_end)
 .debug_line    0x00000000       0x1d c:/qmk_msys/mingw64/bin/../lib/gcc/avr/12.2.0/../../../../avr/lib/avr5/crtatmega32u4.o
 .debug_line    0x0000001d    0x10431 C:\QMK_MSYS\tmp\ccFcGjee.ltrans0.ltrans.o
 .debug_line    0x0001044e       0xb4 C:\QMK_MSYS\tmp\ccIhIi7S.debug.temp.o
 .debug_line    0x00010502      0x262 C:\QMK_MSYS\tmp\ccv7GQJb.debug.temp.o
 .debug_line    0x00010764       0x5e C:\QMK_MSYS\tmp\ccavPLqt.debug.temp.o
 .debug_line    0x000107c2       0xaf C:\QMK_MSYS\tmp\cc9MBzfL.debug.temp.o
 .debug_line    0x00010871      0x16b C:\QMK_MSYS\tmp\ccusa322.debug.temp.o
 .debug_line    0x000109dc       0xa0 C:\QMK_MSYS\tmp\ccTdN3Yk.debug.temp.o
 .debug_line    0x00010a7c       0xc4 C:\QMK_MSYS\tmp\cccqZw8C.debug.temp.o
 .debug_line    0x00010b40      0x14a C:\QMK_MSYS\tmp\cch5H3bV.debug.temp.o
 .debug_line    0x00010c8a       0xdc C:\QMK_MSYS\tmp\ccA7wXdc.debug.temp.o
 .debug_line    0x00010d66      0x1cb C:\QMK_MSYS\tmp\cc72C5st.debug.temp.o
 .debug_line    0x00010f31       0xe7 C:\QMK_MSYS\tmp\ccos4OCK.debug.temp.o
 .debug_line    0x00011018       0x96 C:\QMK_MSYS\tmp\ccV7xx21.debug.temp.o
 .debug_line    0x000110ae       0x84 C:\QMK_MSYS\tmp\ccozxpvj.debug.temp.o
 .debug_line    0x00011132       0x6f C:\QMK_MSYS\tmp\cchCb8Vz.debug.temp.o
 .debug_line    0x000111a1       0x67 C:\QMK_MSYS\tmp\ccWJNEuQ.debug.temp.o
 .debug_line    0x00011208       0xe5 C:\QMK_MSYS\tmp\cc3xiik7.debug.temp.o
 .debug_line    0x000112ed       0xbd C:\QMK_MSYS\tmp\ccIvd1go.debug.temp.o
 .debug_line    0x000113aa      0x15c C:\QMK_MSYS\tmp\ccpu6c9E.debug.temp.o
 .debug_line    0x00011506      0x156 C:\QMK_MSYS\tmp\cckwFnLZ.debug.temp.o
 .debug_line    0x0001165c       0xdb C:\QMK_MSYS\tmp\ccT0Wejk.debug.temp.o
 .debug_line    0x00011737      0x120 C:\QMK_MSYS\tmp\ccKuhyRE.debug.temp.o
 .debug_line    0x00011857      0x118 C:\QMK_MSYS\tmp\ccnje8DZ.debug.temp.o
 .debug_line    0x0001196f      0x199 C:\QMK_MSYS\tmp\ccUszimk.debug.temp.o
 .debug_line    0x00011b08       0x3d C:\QMK_MSYS\tmp\cchzBSiF.debug.temp.o
 .debug_line    0x00011b45       0x8e C:\QMK_MSYS\tmp\ccsP9Ka0.debug.temp.o
 .debug_line    0x00011bd3      0x267 C:\QMK_MSYS\tmp\cctYivgl.debug.temp.o
 .debug_line    0x00011e3a      0x15d C:\QMK_MSYS\tmp\ccKVLkhG.debug.temp.o
 .debug_line    0x00011f97      0x13c C:\QMK_MSYS\tmp\ccZlSCk0.debug.temp.o
 .debug_line    0x000120d3      0x123 C:\QMK_MSYS\tmp\cccdVvjk.debug.temp.o
 .debug_line    0x000121f6       0x9e C:\QMK_MSYS\tmp\ccjXXrvE.debug.temp.o
 .debug_line    0x00012294      0x173 C:\QMK_MSYS\tmp\ccEw90CY.debug.temp.o
 .debug_line    0x00012407       0xf8 C:\QMK_MSYS\tmp\ccxZSZXi.debug.temp.o
 .debug_line    0x000124ff      0x162 C:\QMK_MSYS\tmp\cccBGkrD.debug.temp.o
 .debug_line    0x00012661       0xc6 C:\QMK_MSYS\tmp\ccTBMaPX.debug.temp.o
 .debug_line    0x00012727       0xdb C:\QMK_MSYS\tmp\cceBLqfh.debug.temp.o
 .debug_line    0x00012802       0xd3 C:\QMK_MSYS\tmp\cc5yb9CA.debug.temp.o
 .debug_line    0x000128d5      0x152 C:\QMK_MSYS\tmp\ccwfP57T.debug.temp.o
 .debug_line    0x00012a27       0xc9 C:\QMK_MSYS\tmp\cc5HHgMd.debug.temp.o
 .debug_line    0x00012af0      0x151 C:\QMK_MSYS\tmp\ccnEGSyQ.debug.temp.o
 .debug_line    0x00012c41       0xbc C:\QMK_MSYS\tmp\ccU73eB9.debug.temp.o
 .debug_line    0x00012cfd      0x10c C:\QMK_MSYS\tmp\cctYsCKs.debug.temp.o
 .debug_line    0x00012e09       0x87 C:\QMK_MSYS\tmp\ccqVqVPL.debug.temp.o
 .debug_line    0x00012e90       0x74 C:\QMK_MSYS\tmp\ccSeHlio.debug.temp.o
 .debug_line    0x00012f04       0x65 C:\QMK_MSYS\tmp\ccAPfAvS.debug.temp.o
 .debug_line    0x00012f69      0x126 C:\QMK_MSYS\tmp\ccjXiJIf.debug.temp.o
 .debug_line    0x0001308f       0xa8 C:\QMK_MSYS\tmp\ccSnk38C.debug.temp.o
 .debug_line    0x00013137       0xd3 C:\QMK_MSYS\tmp\ccjAWOu0.debug.temp.o
 .debug_line    0x0001320a      0x33a C:\QMK_MSYS\tmp\cc0giMTm.debug.temp.o
 .debug_line    0x00013544      0x14a C:\QMK_MSYS\tmp\ccnX6heJ.debug.temp.o
 .debug_line    0x0001368e       0xca C:\QMK_MSYS\tmp\ccDcAwfs.debug.temp.o
 .debug_line    0x00013758      0x21d C:\QMK_MSYS\tmp\cc48tJWO.debug.temp.o
 .debug_line    0x00013975      0x1d4 C:\QMK_MSYS\tmp\cctYK7yb.debug.temp.o
 .debug_line    0x00013b49      0x1d1 C:\QMK_MSYS\tmp\cc1l9ATC.debug.temp.o
 .debug_line    0x00013d1a      0x24f C:\QMK_MSYS\tmp\ccSfLcKY.debug.temp.o
 .debug_line    0x00013f69      0x1ad C:\QMK_MSYS\tmp\ccQBI8NG.debug.temp.o
 .debug_line    0x00014116      0x11f C:\QMK_MSYS\tmp\cc5qdCiK.debug.temp.o
 .debug_line    0x00014235      0x180 C:\QMK_MSYS\tmp\cc8okuD5.debug.temp.o
 .debug_line    0x000143b5     0x1060 .build/obj_potato38_vial/serial.a(serial.o)

.debug_frame    0x00000000      0xe84
 *(.debug_frame)
 .debug_frame   0x00000000      0xd30 C:\QMK_MSYS\tmp\ccFcGjee.ltrans0.ltrans.o
 .debug_frame   0x00000d30      0x154 .build/obj_potato38_vial/serial.a(serial.o)

.debug_str      0x00000000     0xb3f2
 *(.debug_str)
 .debug_str     0x00000000      0x371 c:/qmk_msys/mingw64/bin/../lib/gcc/avr/12.2.0/../../../../avr/lib/avr5/crtatmega32u4.o
 .debug_str     0x00000371      0x1a4 C:\QMK_MSYS\tmp\ccFcGjee.ltrans0.ltrans.o
 .debug_str     0x00000371     0x429c C:\QMK_MSYS\tmp\ccIhIi7S.debug.temp.o
 .debug_str     0x00000371     0x4985 C:\QMK_MSYS\tmp\ccv7GQJb.debug.temp.o
 .debug_str     0x00000371      0x244 C:\QMK_MSYS\tmp\ccavPLqt.debug.temp.o
 .debug_str     0x00000371      0x389 C:\QMK_MSYS\tmp\cc9MBzfL.debug.temp.o
 .debug_str     0x00000371     0x4e52 C:\QMK_MSYS\tmp\ccusa322.debug.temp.o
 .debug_str     0x00000371      0x608 C:\QMK_MSYS\tmp\ccTdN3Yk.debug.temp.o
 .debug_str     0x00000371     0x42ba C:\QMK_MSYS\tmp\cccqZw8C.debug.temp.o
 .debug_str     0x00000371      0xa69 C:\QMK_MSYS\tmp\cch5H3bV.debug.temp.o
 .debug_str     0x00000371      0x51c C:\QMK_MSYS\tmp\ccA7wXdc.debug.temp.o
 .debug_str     0x00000371      0x862 C:\QMK_MSYS\tmp\cc72C5st.debug.temp.o
 .debug_str     0x00000371     0x4805 C:\QMK_MSYS\tmp\ccos4OCK.debug.temp.o
 .debug_str     0x00000371     0x3f9b C:\QMK_MSYS\tmp\ccV7xx21.debug.temp.o
 .debug_str     0x00000371      0x2d5 C:\QMK_MSYS\tmp\ccozxpvj.debug.temp.o
 .debug_str     0x00000371      0x233 C:\QMK_MSYS\tmp\cchCb8Vz.debug.temp.o
 .debug_str     0x00000371      0x1fe C:\QMK_MSYS\tmp\ccWJNEuQ.debug.temp.o
 .debug_str     0x00000371      0x2ea C:\QMK_MSYS\tmp\cc3xiik7.debug.temp.o
 .debug_str     0x00000371      0x3fd C:\QMK_MSYS\tmp\ccIvd1go.debug.temp.o
 .debug_str     0x00000371      0x51f C:\QMK_MSYS\tmp\ccpu6c9E.debug.temp.o
 .debug_str     0x00000371      0x4b2 C:\QMK_MSYS\tmp\cckwFnLZ.debug.temp.o
 .debug_str     0x00000371      0x2e4 C:\QMK_MSYS\tmp\ccT0Wejk.debug.temp.o
 .debug_str     0x00000371      0x4d1 C:\QMK_MSYS\tmp\ccKuhyRE.debug.temp.o
 .debug_str     0x00000371      0x582 C:\QMK_MSYS\tmp\ccnje8DZ.debug.temp.o
 .debug_str     0x00000371      0x727 C:\QMK_MSYS\tmp\ccUszimk.debug.temp.o
 .debug_str     0x00000371      0x2a6 C:\QMK_MSYS\tmp\cchzBSiF.debug.temp.o
 .debug_str     0x00000371      0x223 C:\QMK_MSYS\tmp\ccsP9Ka0.debug.temp.o
 .debug_str     0x00000371     0x4ec6 C:\QMK_MSYS\tmp\cctYivgl.debug.temp.o
 .debug_str     0x00000371     0x44b2 C:\QMK_MSYS\tmp\ccKVLkhG.debug.temp.o
 .debug_str     0x00000371     0x4807 C:\QMK_MSYS\tmp\ccZlSCk0.debug.temp.o
 .debug_str     0x00000371     0x42d5 C:\QMK_MSYS\tmp\cccdVvjk.debug.temp.o
 .debug_str     0x00000371      0x224 C:\QMK_MSYS\tmp\ccjXXrvE.debug.temp.o
 .debug_str     0x00000371     0x4486 C:\QMK_MSYS\tmp\ccEw90CY.debug.temp.o
 .debug_str     0x00000371     0x418f C:\QMK_MSYS\tmp\ccxZSZXi.debug.temp.o
 .debug_str     0x00000371     0x48be C:\QMK_MSYS\tmp\cccBGkrD.debug.temp.o
 .debug_str     0x00000371     0x406b C:\QMK_MSYS\tmp\ccTBMaPX.debug.temp.o
 .debug_str     0x00000371     0x3ff4 C:\QMK_MSYS\tmp\cceBLqfh.debug.temp.o
 .debug_str     0x00000371     0x3fb6 C:\QMK_MSYS\tmp\cc5yb9CA.debug.temp.o
 .debug_str     0x00000371      0xa2f C:\QMK_MSYS\tmp\ccwfP57T.debug.temp.o
 .debug_str     0x00000371     0x3f95 C:\QMK_MSYS\tmp\cc5HHgMd.debug.temp.o
 .debug_str     0x00000371      0xd82 C:\QMK_MSYS\tmp\ccnEGSyQ.debug.temp.o
 .debug_str     0x00000371      0x5cd C:\QMK_MSYS\tmp\ccU73eB9.debug.temp.o
 .debug_str     0x00000371     0x4056 C:\QMK_MSYS\tmp\cctYsCKs.debug.temp.o
 .debug_str     0x00000371      0x386 C:\QMK_MSYS\tmp\ccqVqVPL.debug.temp.o
 .debug_str     0x00000371      0x2ae C:\QMK_MSYS\tmp\ccSeHlio.debug.temp.o
 .debug_str     0x00000371      0x208 C:\QMK_MSYS\tmp\ccAPfAvS.debug.temp.o
 .debug_str     0x00000371      0x376 C:\QMK_MSYS\tmp\ccjXiJIf.debug.temp.o
 .debug_str     0x00000371      0x298 C:\QMK_MSYS\tmp\ccSnk38C.debug.temp.o
 .debug_str     0x00000371      0x2b1 C:\QMK_MSYS\tmp\ccjAWOu0.debug.temp.o
 .debug_str     0x00000371      0xd80 C:\QMK_MSYS\tmp\cc0giMTm.debug.temp.o
 .debug_str     0x00000371      0xada C:\QMK_MSYS\tmp\ccnX6heJ.debug.temp.o
 .debug_str     0x00000371      0x25f C:\QMK_MSYS\tmp\ccDcAwfs.debug.temp.o
 .debug_str     0x00000371      0x8c1 C:\QMK_MSYS\tmp\cc48tJWO.debug.temp.o
 .debug_str     0x00000371      0x681 C:\QMK_MSYS\tmp\cctYK7yb.debug.temp.o
 .debug_str     0x00000371      0x5c0 C:\QMK_MSYS\tmp\cc1l9ATC.debug.temp.o
 .debug_str     0x00000371      0x63f C:\QMK_MSYS\tmp\ccSfLcKY.debug.temp.o
 .debug_str     0x00000371      0xa10 C:\QMK_MSYS\tmp\ccQBI8NG.debug.temp.o
 .debug_str     0x00000371      0x3e6 C:\QMK_MSYS\tmp\cc5qdCiK.debug.temp.o
 .debug_str     0x00000371      0x393 C:\QMK_MSYS\tmp\cc8okuD5.debug.temp.o
 .debug_str     0x00000371     0xb081 .build/obj_potato38_vial/serial.a(serial.o)
                                0x61c (size before relaxing)

.debug_loc      0x00000000     0xc741
 *(.debug_loc)
 .debug_loc     0x00000000     0xbc9c C:\QMK_MSYS\tmp\ccFcGjee.ltrans0.ltrans.o
 .debug_loc     0x0000bc9c      0xaa5 .build/obj_potato38_vial/serial.a(serial.o)

.debug_macinfo
 *(.debug_macinfo)

.debug_weaknames
 *(.debug_weaknames)

.debug_funcnames
 *(.debug_funcnames)

.debug_typenames
 *(.debug_typenames)

.debug_varnames
 *(.debug_varnames)

.debug_pubtypes
 *(.debug_pubtypes)

.debug_ranges   0x00000000     0x18d0
 *(.debug_ranges)
 .debug_ranges  0x00000000     0x17c8 C:\QMK_MSYS\tmp\ccFcGjee.ltrans0.ltrans.o
 .debug_ranges  0x000017c8      0x108 .build/obj_potato38_vial/serial.a(serial.o)

.debug_addr
 *(.debug_addr)

.debug_line_str
 *(.debug_line_str)

.debug_loclists
 *(.debug_loclists)

.debug_macro
 *(.debug_macro)

.debug_names
 *(.debug_names)

.debug_rnglists
 *(.debug_rnglists)

.debug_str_offsets
 *(.debug_str_offsets)

.debug_sup
 *(.debug_sup)
OUTPUT(.build/potato38_vial.elf elf32-avr)
LOAD linker stubs

Cross Reference Table

Symbol                                            File
CALLBACK_HIDParser_FilterHIDReportItem            .build/obj_potato38_vial/lib/lufa/LUFA/Drivers/USB/Class/Common/HIDParser.o (symbol from plugin)
CALLBACK_USB_GetDescriptor                        .build/obj_potato38_vial/lufa.o (symbol from plugin)
                                                  .build/obj_potato38_vial/lib/lufa/LUFA/Drivers/USB/Core/DeviceStandardReq.o (symbol from plugin)
ConfigDescriptors.c.863b5a2a                      C:\QMK_MSYS\tmp\ccrklwOk.debug.temp.o
ConfigurationDescriptor                           .build/obj_potato38_vial/usb_descriptor.o (symbol from plugin)
DeviceDescriptor                                  .build/obj_potato38_vial/usb_descriptor.o (symbol from plugin)
DeviceStandardReq.c.b6f18b9f                      C:\QMK_MSYS\tmp\ccQBI8NG.debug.temp.o
                                                  C:\QMK_MSYS\tmp\ccFcGjee.ltrans0.ltrans.o
Device_AVR8.c.6122c6e0                            C:\QMK_MSYS\tmp\ccDcAwfs.debug.temp.o
                                                  C:\QMK_MSYS\tmp\ccFcGjee.ltrans0.ltrans.o
EVENT_USB_Device_ConfigurationChanged             .build/obj_potato38_vial/lufa.o (symbol from plugin)
                                                  .build/obj_potato38_vial/lib/lufa/LUFA/Drivers/USB/Core/DeviceStandardReq.o (symbol from plugin)
EVENT_USB_Device_Connect                          .build/obj_potato38_vial/lufa.o (symbol from plugin)
                                                  .build/obj_potato38_vial/lib/lufa/LUFA/Drivers/USB/Core/AVR8/USBInterrupt_AVR8.o (symbol from plugin)
EVENT_USB_Device_ControlRequest                   .build/obj_potato38_vial/lufa.o (symbol from plugin)
                                                  .build/obj_potato38_vial/lib/lufa/LUFA/Drivers/USB/Core/DeviceStandardReq.o (symbol from plugin)
EVENT_USB_Device_Disconnect                       .build/obj_potato38_vial/lufa.o (symbol from plugin)
                                                  .build/obj_potato38_vial/lib/lufa/LUFA/Drivers/USB/Core/AVR8/USBInterrupt_AVR8.o (symbol from plugin)
EVENT_USB_Device_Reset                            .build/obj_potato38_vial/lufa.o (symbol from plugin)
                                                  .build/obj_potato38_vial/lib/lufa/LUFA/Drivers/USB/Core/AVR8/USBInterrupt_AVR8.o (symbol from plugin)
EVENT_USB_Device_StartOfFrame                     .build/obj_potato38_vial/lib/lufa/LUFA/Drivers/USB/Core/Events.o (symbol from plugin)
                                                  .build/obj_potato38_vial/lib/lufa/LUFA/Drivers/USB/Core/AVR8/USBInterrupt_AVR8.o (symbol from plugin)
EVENT_USB_Device_Suspend                          .build/obj_potato38_vial/lufa.o (symbol from plugin)
                                                  .build/obj_potato38_vial/lib/lufa/LUFA/Drivers/USB/Core/AVR8/USBInterrupt_AVR8.o (symbol from plugin)
EVENT_USB_Device_WakeUp                           .build/obj_potato38_vial/lufa.o (symbol from plugin)
                                                  .build/obj_potato38_vial/lib/lufa/LUFA/Drivers/USB/Core/AVR8/USBInterrupt_AVR8.o (symbol from plugin)
EndpointStream_AVR8.c.ea77c282                    C:\QMK_MSYS\tmp\cc48tJWO.debug.temp.o
                                                  C:\QMK_MSYS\tmp\ccFcGjee.ltrans0.ltrans.o
Endpoint_AVR8.c.3c370218                          C:\QMK_MSYS\tmp\cctYK7yb.debug.temp.o
                                                  C:\QMK_MSYS\tmp\ccFcGjee.ltrans0.ltrans.o
Endpoint_ClearEndpoints                           .build/obj_potato38_vial/lib/lufa/LUFA/Drivers/USB/Core/AVR8/Endpoint_AVR8.o (symbol from plugin)
Endpoint_ClearStatusStage                         .build/obj_potato38_vial/lib/lufa/LUFA/Drivers/USB/Core/AVR8/Endpoint_AVR8.o (symbol from plugin)
                                                  .build/obj_potato38_vial/lib/lufa/LUFA/Drivers/USB/Core/DeviceStandardReq.o (symbol from plugin)
                                                  .build/obj_potato38_vial/lufa.o (symbol from plugin)
Endpoint_ConfigureEndpointTable                   .build/obj_potato38_vial/lib/lufa/LUFA/Drivers/USB/Core/AVR8/Endpoint_AVR8.o (symbol from plugin)
Endpoint_ConfigureEndpoint_Prv                    .build/obj_potato38_vial/lib/lufa/LUFA/Drivers/USB/Core/AVR8/Endpoint_AVR8.o (symbol from plugin)
                                                  .build/obj_potato38_vial/lib/lufa/LUFA/Drivers/USB/Core/AVR8/USBInterrupt_AVR8.o (symbol from plugin)
                                                  .build/obj_potato38_vial/lib/lufa/LUFA/Drivers/USB/Core/AVR8/USBController_AVR8.o (symbol from plugin)
                                                  .build/obj_potato38_vial/lufa.o (symbol from plugin)
Endpoint_Discard_Stream                           .build/obj_potato38_vial/lib/lufa/LUFA/Drivers/USB/Core/AVR8/EndpointStream_AVR8.o (symbol from plugin)
Endpoint_Null_Stream                              .build/obj_potato38_vial/lib/lufa/LUFA/Drivers/USB/Core/AVR8/EndpointStream_AVR8.o (symbol from plugin)
Endpoint_Read_Control_EStream_BE                  .build/obj_potato38_vial/lib/lufa/LUFA/Drivers/USB/Core/AVR8/EndpointStream_AVR8.o (symbol from plugin)
Endpoint_Read_Control_EStream_LE                  .build/obj_potato38_vial/lib/lufa/LUFA/Drivers/USB/Core/AVR8/EndpointStream_AVR8.o (symbol from plugin)
Endpoint_Read_Control_Stream_BE                   .build/obj_potato38_vial/lib/lufa/LUFA/Drivers/USB/Core/AVR8/EndpointStream_AVR8.o (symbol from plugin)
Endpoint_Read_Control_Stream_LE                   .build/obj_potato38_vial/lib/lufa/LUFA/Drivers/USB/Core/AVR8/EndpointStream_AVR8.o (symbol from plugin)
Endpoint_Read_EStream_BE                          .build/obj_potato38_vial/lib/lufa/LUFA/Drivers/USB/Core/AVR8/EndpointStream_AVR8.o (symbol from plugin)
Endpoint_Read_EStream_LE                          .build/obj_potato38_vial/lib/lufa/LUFA/Drivers/USB/Core/AVR8/EndpointStream_AVR8.o (symbol from plugin)
Endpoint_Read_Stream_BE                           .build/obj_potato38_vial/lib/lufa/LUFA/Drivers/USB/Core/AVR8/EndpointStream_AVR8.o (symbol from plugin)
Endpoint_Read_Stream_LE                           .build/obj_potato38_vial/lib/lufa/LUFA/Drivers/USB/Core/AVR8/EndpointStream_AVR8.o (symbol from plugin)
                                                  .build/obj_potato38_vial/lufa.o (symbol from plugin)
Endpoint_WaitUntilReady                           .build/obj_potato38_vial/lib/lufa/LUFA/Drivers/USB/Core/AVR8/Endpoint_AVR8.o (symbol from plugin)
                                                  .build/obj_potato38_vial/lib/lufa/LUFA/Drivers/USB/Core/AVR8/EndpointStream_AVR8.o (symbol from plugin)
Endpoint_Write_Control_EStream_BE                 .build/obj_potato38_vial/lib/lufa/LUFA/Drivers/USB/Core/AVR8/EndpointStream_AVR8.o (symbol from plugin)
Endpoint_Write_Control_EStream_LE                 .build/obj_potato38_vial/lib/lufa/LUFA/Drivers/USB/Core/AVR8/EndpointStream_AVR8.o (symbol from plugin)
Endpoint_Write_Control_PStream_BE                 .build/obj_potato38_vial/lib/lufa/LUFA/Drivers/USB/Core/AVR8/EndpointStream_AVR8.o (symbol from plugin)
Endpoint_Write_Control_PStream_LE                 .build/obj_potato38_vial/lib/lufa/LUFA/Drivers/USB/Core/AVR8/EndpointStream_AVR8.o (symbol from plugin)
                                                  .build/obj_potato38_vial/lib/lufa/LUFA/Drivers/USB/Core/DeviceStandardReq.o (symbol from plugin)
Endpoint_Write_Control_Stream_BE                  .build/obj_potato38_vial/lib/lufa/LUFA/Drivers/USB/Core/AVR8/EndpointStream_AVR8.o (symbol from plugin)
Endpoint_Write_Control_Stream_LE                  .build/obj_potato38_vial/lib/lufa/LUFA/Drivers/USB/Core/AVR8/EndpointStream_AVR8.o (symbol from plugin)
                                                  .build/obj_potato38_vial/lib/lufa/LUFA/Drivers/USB/Core/DeviceStandardReq.o (symbol from plugin)
                                                  .build/obj_potato38_vial/lufa.o (symbol from plugin)
Endpoint_Write_EStream_BE                         .build/obj_potato38_vial/lib/lufa/LUFA/Drivers/USB/Core/AVR8/EndpointStream_AVR8.o (symbol from plugin)
Endpoint_Write_EStream_LE                         .build/obj_potato38_vial/lib/lufa/LUFA/Drivers/USB/Core/AVR8/EndpointStream_AVR8.o (symbol from plugin)
Endpoint_Write_PStream_BE                         .build/obj_potato38_vial/lib/lufa/LUFA/Drivers/USB/Core/AVR8/EndpointStream_AVR8.o (symbol from plugin)
Endpoint_Write_PStream_LE                         .build/obj_potato38_vial/lib/lufa/LUFA/Drivers/USB/Core/AVR8/EndpointStream_AVR8.o (symbol from plugin)
Endpoint_Write_Stream_BE                          .build/obj_potato38_vial/lib/lufa/LUFA/Drivers/USB/Core/AVR8/EndpointStream_AVR8.o (symbol from plugin)
Endpoint_Write_Stream_LE                          .build/obj_potato38_vial/lib/lufa/LUFA/Drivers/USB/Core/AVR8/EndpointStream_AVR8.o (symbol from plugin)
                                                  .build/obj_potato38_vial/lufa.o (symbol from plugin)
Events.c.f81f77a8                                 C:\QMK_MSYS\tmp\ccZuFv02.debug.temp.o
HIDParser.c.b9aa82d2                              C:\QMK_MSYS\tmp\ccE4ugM5.debug.temp.o
HostStandardReq.c.e8777e86                        C:\QMK_MSYS\tmp\cc4Bimbp.debug.temp.o
Host_AVR8.c.41a15d70                              C:\QMK_MSYS\tmp\ccSptgpy.debug.temp.o
KeyboardReport                                    .build/obj_potato38_vial/usb_descriptor.o (symbol from plugin)
LanguageString                                    .build/obj_potato38_vial/usb_descriptor.o (symbol from plugin)
ManufacturerString                                .build/obj_potato38_vial/usb_descriptor.o (symbol from plugin)
PipeStream_AVR8.c.f57c5660                        C:\QMK_MSYS\tmp\ccXg2gaV.debug.temp.o
Pipe_AVR8.c.e7611d20                              C:\QMK_MSYS\tmp\ccgvXUXg.debug.temp.o
ProductString                                     .build/obj_potato38_vial/usb_descriptor.o (symbol from plugin)
QS                                                .build/obj_potato38_vial/quantum/qmk_settings.o (symbol from plugin)
                                                  .build/obj_potato38_vial/quantum/process_keycode/process_grave_esc.o (symbol from plugin)
                                                  .build/obj_potato38_vial/quantum/process_keycode/process_auto_shift.o (symbol from plugin)
                                                  .build/obj_potato38_vial/quantum/vial.o (symbol from plugin)
                                                  .build/obj_potato38_vial/quantum/action_util.o (symbol from plugin)
                                                  .build/obj_potato38_vial/quantum/action.o (symbol from plugin)
                                                  .build/obj_potato38_vial/quantum/quantum.o (symbol from plugin)
RawReport                                         .build/obj_potato38_vial/usb_descriptor.o (symbol from plugin)
SerialNumberString                                .build/obj_potato38_vial/usb_descriptor.o (symbol from plugin)
SharedReport                                      .build/obj_potato38_vial/usb_descriptor.o (symbol from plugin)
USBController_AVR8.c.38b1cbc8                     C:\QMK_MSYS\tmp\cc1l9ATC.debug.temp.o
                                                  C:\QMK_MSYS\tmp\ccFcGjee.ltrans0.ltrans.o
USBInterrupt_AVR8.c.ae0ffbf2                      C:\QMK_MSYS\tmp\ccSfLcKY.debug.temp.o
                                                  C:\QMK_MSYS\tmp\ccFcGjee.ltrans0.ltrans.o
USBTask.c.1482314e                                C:\QMK_MSYS\tmp\cc5qdCiK.debug.temp.o
                                                  C:\QMK_MSYS\tmp\ccFcGjee.ltrans0.ltrans.o
USB_ControlRequest                                .build/obj_potato38_vial/lib/lufa/LUFA/Drivers/USB/Core/USBTask.o (symbol from plugin)
                                                  .build/obj_potato38_vial/lib/lufa/LUFA/Drivers/USB/Core/DeviceStandardReq.o (symbol from plugin)
                                                  .build/obj_potato38_vial/lib/lufa/LUFA/Drivers/USB/Core/AVR8/Endpoint_AVR8.o (symbol from plugin)
                                                  .build/obj_potato38_vial/lib/lufa/LUFA/Drivers/USB/Core/AVR8/EndpointStream_AVR8.o (symbol from plugin)
                                                  .build/obj_potato38_vial/lufa.o (symbol from plugin)
USB_DeviceState                                   .build/obj_potato38_vial/lib/lufa/LUFA/Drivers/USB/Core/USBTask.o (symbol from plugin)
                                                  .build/obj_potato38_vial/protocol/lufa/usb_util.o (symbol from plugin)
                                                  .build/obj_potato38_vial/lib/lufa/LUFA/Drivers/USB/Core/DeviceStandardReq.o (symbol from plugin)
                                                  .build/obj_potato38_vial/lib/lufa/LUFA/Drivers/USB/Core/AVR8/USBInterrupt_AVR8.o (symbol from plugin)
                                                  .build/obj_potato38_vial/lib/lufa/LUFA/Drivers/USB/Core/AVR8/USBController_AVR8.o (symbol from plugin)
                                                  .build/obj_potato38_vial/lib/lufa/LUFA/Drivers/USB/Core/AVR8/Endpoint_AVR8.o (symbol from plugin)
                                                  .build/obj_potato38_vial/lib/lufa/LUFA/Drivers/USB/Core/AVR8/EndpointStream_AVR8.o (symbol from plugin)
                                                  .build/obj_potato38_vial/lufa.o (symbol from plugin)
                                                  .build/obj_potato38_vial/platforms/avr/suspend.o (symbol from plugin)
USB_Device_ConfigurationNumber                    .build/obj_potato38_vial/lib/lufa/LUFA/Drivers/USB/Core/DeviceStandardReq.o (symbol from plugin)
                                                  .build/obj_potato38_vial/lib/lufa/LUFA/Drivers/USB/Core/AVR8/USBInterrupt_AVR8.o (symbol from plugin)
                                                  .build/obj_potato38_vial/lib/lufa/LUFA/Drivers/USB/Core/AVR8/USBController_AVR8.o (symbol from plugin)
                                                  .build/obj_potato38_vial/lufa.o (symbol from plugin)
USB_Device_CurrentlySelfPowered                   .build/obj_potato38_vial/lib/lufa/LUFA/Drivers/USB/Core/DeviceStandardReq.o (symbol from plugin)
                                                  .build/obj_potato38_vial/lib/lufa/LUFA/Drivers/USB/Core/AVR8/USBController_AVR8.o (symbol from plugin)
USB_Device_ProcessControlRequest                  .build/obj_potato38_vial/lib/lufa/LUFA/Drivers/USB/Core/DeviceStandardReq.o (symbol from plugin)
                                                  .build/obj_potato38_vial/lib/lufa/LUFA/Drivers/USB/Core/USBTask.o (symbol from plugin)
                                                  .build/obj_potato38_vial/lib/lufa/LUFA/Drivers/USB/Core/AVR8/USBInterrupt_AVR8.o (symbol from plugin)
USB_Device_RemoteWakeupEnabled                    .build/obj_potato38_vial/lib/lufa/LUFA/Drivers/USB/Core/DeviceStandardReq.o (symbol from plugin)
                                                  .build/obj_potato38_vial/lib/lufa/LUFA/Drivers/USB/Core/AVR8/USBController_AVR8.o (symbol from plugin)
                                                  .build/obj_potato38_vial/lufa.o (symbol from plugin)
USB_Device_SendRemoteWakeup                       .build/obj_potato38_vial/lib/lufa/LUFA/Drivers/USB/Core/AVR8/Device_AVR8.o (symbol from plugin)
                                                  .build/obj_potato38_vial/lufa.o (symbol from plugin)
USB_Disable                                       .build/obj_potato38_vial/lib/lufa/LUFA/Drivers/USB/Core/AVR8/USBController_AVR8.o (symbol from plugin)
                                                  .build/obj_potato38_vial/protocol/lufa/usb_util.o (symbol from plugin)
                                                  .build/obj_potato38_vial/lufa.o (symbol from plugin)
USB_Event_Stub                                    .build/obj_potato38_vial/lib/lufa/LUFA/Drivers/USB/Core/Events.o (symbol from plugin)
USB_Event_Stub_2                                  .build/obj_potato38_vial/lib/lufa/LUFA/Drivers/USB/Core/Events.o (symbol from plugin)
USB_Event_Stub_3                                  .build/obj_potato38_vial/lib/lufa/LUFA/Drivers/USB/Core/Events.o (symbol from plugin)
USB_GetHIDReportItemInfo                          .build/obj_potato38_vial/lib/lufa/LUFA/Drivers/USB/Class/Common/HIDParser.o (symbol from plugin)
USB_GetHIDReportSize                              .build/obj_potato38_vial/lib/lufa/LUFA/Drivers/USB/Class/Common/HIDParser.o (symbol from plugin)
USB_GetNextDescriptorComp                         .build/obj_potato38_vial/lib/lufa/LUFA/Drivers/USB/Core/ConfigDescriptors.o (symbol from plugin)
USB_GetNextDescriptorOfType                       .build/obj_potato38_vial/lib/lufa/LUFA/Drivers/USB/Core/ConfigDescriptors.o (symbol from plugin)
USB_GetNextDescriptorOfTypeAfter                  .build/obj_potato38_vial/lib/lufa/LUFA/Drivers/USB/Core/ConfigDescriptors.o (symbol from plugin)
USB_GetNextDescriptorOfTypeBefore                 .build/obj_potato38_vial/lib/lufa/LUFA/Drivers/USB/Core/ConfigDescriptors.o (symbol from plugin)
USB_INT_ClearAllInterrupts                        .build/obj_potato38_vial/lib/lufa/LUFA/Drivers/USB/Core/AVR8/USBInterrupt_AVR8.o (symbol from plugin)
                                                  .build/obj_potato38_vial/lib/lufa/LUFA/Drivers/USB/Core/AVR8/USBController_AVR8.o (symbol from plugin)
USB_INT_DisableAllInterrupts                      .build/obj_potato38_vial/lib/lufa/LUFA/Drivers/USB/Core/AVR8/USBInterrupt_AVR8.o (symbol from plugin)